Archive member included to satisfy reference by file (symbol)

/home/moqi/work/demo/ESP32-Project/lesson1_empty_project/build/cxx/libcxx.a(cxx_guards.o)
                              (__cxa_guard_dummy)
/home/moqi/work/demo/ESP32-Project/lesson1_empty_project/build/cxx/libcxx.a(cxx_exception_stubs.o)
                              (__cxx_fatal_exception)
/home/moqi/work/demo/ESP32-Project/lesson1_empty_project/build/esp32/libesp32.a(panic.o)
                              /home/moqi/work/demo/ESP32-Project/lesson1_empty_project/build/cxx/libcxx.a(cxx_guards.o) (abort)
/home/moqi/work/demo/ESP32-Project/lesson1_empty_project/build/esp32/libesp32.a(cpu_start.o)
                              (call_start_cpu0)
/home/moqi/work/demo/ESP32-Project/lesson1_empty_project/build/esp32/libesp32.a(clk.o)
                              /home/moqi/work/demo/ESP32-Project/lesson1_empty_project/build/esp32/libesp32.a(cpu_start.o) (esp_clk_init)
/home/moqi/work/demo/ESP32-Project/lesson1_empty_project/build/esp32/libesp32.a(esp_err_to_name.o)
                              /home/moqi/work/demo/ESP32-Project/lesson1_empty_project/build/esp32/libesp32.a(panic.o) (esp_err_to_name)
/home/moqi/work/demo/ESP32-Project/lesson1_empty_project/build/esp32/libesp32.a(crosscore_int.o)
                              /home/moqi/work/demo/ESP32-Project/lesson1_empty_project/build/esp32/libesp32.a(cpu_start.o) (esp_crosscore_int_init)
/home/moqi/work/demo/ESP32-Project/lesson1_empty_project/build/esp32/libesp32.a(cache_err_int.o)
                              /home/moqi/work/demo/ESP32-Project/lesson1_empty_project/build/esp32/libesp32.a(cpu_start.o) (esp_cache_err_int_init)
/home/moqi/work/demo/ESP32-Project/lesson1_empty_project/build/esp32/libesp32.a(ipc.o)
                              /home/moqi/work/demo/ESP32-Project/lesson1_empty_project/build/esp32/libesp32.a(cpu_start.o) (esp_ipc_init)
/home/moqi/work/demo/ESP32-Project/lesson1_empty_project/build/esp32/libesp32.a(intr_alloc.o)
                              /home/moqi/work/demo/ESP32-Project/lesson1_empty_project/build/esp32/libesp32.a(crosscore_int.o) (esp_intr_alloc)
/home/moqi/work/demo/ESP32-Project/lesson1_empty_project/build/esp32/libesp32.a(system_api.o)
                              /home/moqi/work/demo/ESP32-Project/lesson1_empty_project/build/esp32/libesp32.a(panic.o) (esp_restart_noos)
/home/moqi/work/demo/ESP32-Project/lesson1_empty_project/build/esp32/libesp32.a(esp_timer.o)
                              /home/moqi/work/demo/ESP32-Project/lesson1_empty_project/build/esp32/libesp32.a(cpu_start.o) (esp_timer_init)
/home/moqi/work/demo/ESP32-Project/lesson1_empty_project/build/esp32/libesp32.a(dport_access.o)
                              /home/moqi/work/demo/ESP32-Project/lesson1_empty_project/build/esp32/libesp32.a(cpu_start.o) (esp_dport_access_stall_other_cpu_start)
/home/moqi/work/demo/ESP32-Project/lesson1_empty_project/build/esp32/libesp32.a(brownout.o)
                              /home/moqi/work/demo/ESP32-Project/lesson1_empty_project/build/esp32/libesp32.a(cpu_start.o) (esp_brownout_init)
/home/moqi/work/demo/ESP32-Project/lesson1_empty_project/build/esp32/libesp32.a(int_wdt.o)
                              /home/moqi/work/demo/ESP32-Project/lesson1_empty_project/build/esp32/libesp32.a(cpu_start.o) (esp_int_wdt_init)
/home/moqi/work/demo/ESP32-Project/lesson1_empty_project/build/esp32/libesp32.a(dport_panic_highint_hdl.o)
                              (ld_include_panic_highint_hdl)
/home/moqi/work/demo/ESP32-Project/lesson1_empty_project/build/esp32/libesp32.a(task_wdt.o)
                              /home/moqi/work/demo/ESP32-Project/lesson1_empty_project/build/esp32/libesp32.a(cpu_start.o) (esp_task_wdt_init)
/home/moqi/work/demo/ESP32-Project/lesson1_empty_project/build/esp32/libesp32.a(dbg_stubs.o)
                              /home/moqi/work/demo/ESP32-Project/lesson1_empty_project/build/esp32/libesp32.a(cpu_start.o) (esp_dbg_stubs_init)
/home/moqi/work/demo/ESP32-Project/lesson1_empty_project/build/esp32/libesp32.a(esp_timer_esp32.o)
                              /home/moqi/work/demo/ESP32-Project/lesson1_empty_project/build/esp32/libesp32.a(esp_timer.o) (esp_timer_impl_get_time)
/home/moqi/work/demo/ESP32-Project/lesson1_empty_project/build/esp32/libesp32.a(freertos_hooks.o)
                              /home/moqi/work/demo/ESP32-Project/lesson1_empty_project/build/esp32/libesp32.a(task_wdt.o) (esp_register_freertos_idle_hook_for_cpu)
/home/moqi/work/sources/esp-idf/components/esp32/libhal.a(int_asm--set_intclear.o)
                              /home/moqi/work/demo/ESP32-Project/lesson1_empty_project/build/esp32/libesp32.a(intr_alloc.o) (xthal_set_intclear)
/home/moqi/work/demo/ESP32-Project/lesson1_empty_project/build/freertos/libfreertos.a(xtensa_intr.o)
                              /home/moqi/work/demo/ESP32-Project/lesson1_empty_project/build/esp32/libesp32.a(intr_alloc.o) (xt_unhandled_interrupt)
[...]
Memory Configuration

Name             Origin             Length             Attributes
iram0_0_seg      0x0000000040080000 0x0000000000020000 xr
iram0_2_seg      0x00000000400d0018 0x000000000032ffe8 xr
dram0_0_seg      0x000000003ffb0000 0x000000000002c200 rw
drom0_0_seg      0x000000003f400018 0x00000000003fffe8 r
rtc_iram_seg     0x00000000400c0000 0x0000000000002000 xrw
rtc_slow_seg     0x0000000050000000 0x0000000000001000 rw
*default*        0x0000000000000000 0xffffffffffffffff

Linker script and memory map

START GROUP
LOAD /home/moqi/work/demo/ESP32-Project/lesson1_empty_project/build/app_trace/libapp_trace.a
LOAD /home/moqi/work/demo/ESP32-Project/lesson1_empty_project/build/app_update/libapp_update.a
LOAD /home/moqi/work/demo/ESP32-Project/lesson1_empty_project/build/asio/libasio.a
LOAD /home/moqi/work/demo/ESP32-Project/lesson1_empty_project/build/bootloader_support/libbootloader_support.a
LOAD /home/moqi/work/demo/ESP32-Project/lesson1_empty_project/build/bt/libbt.a
LOAD /home/moqi/work/demo/ESP32-Project/lesson1_empty_project/build/console/libconsole.a
LOAD /home/moqi/work/demo/ESP32-Project/lesson1_empty_project/build/cxx/libcxx.a
LOAD /home/moqi/work/demo/ESP32-Project/lesson1_empty_project/build/driver/libdriver.a
LOAD /home/moqi/work/demo/ESP32-Project/lesson1_empty_project/build/esp-tls/libesp-tls.a
LOAD /home/moqi/work/demo/ESP32-Project/lesson1_empty_project/build/esp32/libesp32.a
LOAD /home/moqi/work/sources/esp-idf/components/esp32/libhal.a
LOAD /home/moqi/work/sources/esp-idf/components/esp32/lib/libcore.a
LOAD /home/moqi/work/sources/esp-idf/components/esp32/lib/librtc.a
LOAD /home/moqi/work/sources/esp-idf/components/esp32/lib/libnet80211.a
LOAD /home/moqi/work/sources/esp-idf/components/esp32/lib/libpp.a
LOAD /home/moqi/work/sources/esp-idf/components/esp32/lib/libwpa.a
LOAD /home/moqi/work/sources/esp-idf/components/esp32/lib/libsmartconfig.a
LOAD /home/moqi/work/sources/esp-idf/components/esp32/lib/libcoexist.a
LOAD /home/moqi/work/sources/esp-idf/components/esp32/lib/libwps.a
LOAD /home/moqi/work/sources/esp-idf/components/esp32/lib/libwpa2.a
LOAD /home/moqi/work/sources/esp-idf/components/esp32/lib/libespnow.a
LOAD /home/moqi/work/sources/esp-idf/components/esp32/lib/libphy.a
LOAD /home/moqi/work/sources/esp-idf/components/esp32/lib/libmesh.a
LOAD /home/moqi/work/demo/ESP32-Project/lesson1_empty_project/build/esp_adc_cal/libesp_adc_cal.a
LOAD /home/moqi/work/demo/ESP32-Project/lesson1_empty_project/build/esp_http_client/libesp_http_client.a
LOAD /home/moqi/work/demo/ESP32-Project/lesson1_empty_project/build/esp_https_ota/libesp_https_ota.a
LOAD /home/moqi/work/demo/ESP32-Project/lesson1_empty_project/build/ethernet/libethernet.a
LOAD /home/moqi/work/demo/ESP32-Project/lesson1_empty_project/build/expat/libexpat.a
LOAD /home/moqi/work/demo/ESP32-Project/lesson1_empty_project/build/fatfs/libfatfs.a
LOAD /home/moqi/work/demo/ESP32-Project/lesson1_empty_project/build/freertos/libfreertos.a
LOAD /home/moqi/work/demo/ESP32-Project/lesson1_empty_project/build/hal/libhal.a
LOAD /home/moqi/work/demo/ESP32-Project/lesson1_empty_project/build/heap/libheap.a
LOAD /home/moqi/work/demo/ESP32-Project/lesson1_empty_project/build/http_server/libhttp_server.a
LOAD /home/moqi/work/demo/ESP32-Project/lesson1_empty_project/build/idf_test/libidf_test.a
LOAD /home/moqi/work/demo/ESP32-Project/lesson1_empty_project/build/jsmn/libjsmn.a
LOAD /home/moqi/work/demo/ESP32-Project/lesson1_empty_project/build/json/libjson.a
LOAD /home/moqi/work/demo/ESP32-Project/lesson1_empty_project/build/libsodium/liblibsodium.a
LOAD /home/moqi/work/demo/ESP32-Project/lesson1_empty_project/build/log/liblog.a
LOAD /home/moqi/work/demo/ESP32-Project/lesson1_empty_project/build/lwip/liblwip.a
LOAD /home/moqi/work/demo/ESP32-Project/lesson1_empty_project/build/main/libmain.a
LOAD /home/moqi/work/demo/ESP32-Project/lesson1_empty_project/build/mbedtls/libmbedtls.a
LOAD /home/moqi/work/demo/ESP32-Project/lesson1_empty_project/build/mdns/libmdns.a
LOAD /home/moqi/work/demo/ESP32-Project/lesson1_empty_project/build/micro-ecc/libmicro-ecc.a
LOAD /home/moqi/work/demo/ESP32-Project/lesson1_empty_project/build/mqtt/libmqtt.a
LOAD /home/moqi/work/sources/esp-idf/components/newlib/lib/libc.a
LOAD /home/moqi/work/sources/esp-idf/components/newlib/lib/libm.a
LOAD /home/moqi/work/demo/ESP32-Project/lesson1_empty_project/build/newlib/libnewlib.a
LOAD /home/moqi/work/demo/ESP32-Project/lesson1_empty_project/build/nghttp/libnghttp.a
LOAD /home/moqi/work/demo/ESP32-Project/lesson1_empty_project/build/nvs_flash/libnvs_flash.a
LOAD /home/moqi/work/demo/ESP32-Project/lesson1_empty_project/build/openssl/libopenssl.a
LOAD /home/moqi/work/demo/ESP32-Project/lesson1_empty_project/build/pthread/libpthread.a
LOAD /home/moqi/work/demo/ESP32-Project/lesson1_empty_project/build/sdmmc/libsdmmc.a
LOAD /home/moqi/work/demo/ESP32-Project/lesson1_empty_project/build/smartconfig_ack/libsmartconfig_ack.a
LOAD /home/moqi/work/demo/ESP32-Project/lesson1_empty_project/build/soc/libsoc.a
LOAD /home/moqi/work/demo/ESP32-Project/lesson1_empty_project/build/spi_flash/libspi_flash.a
LOAD /home/moqi/work/demo/ESP32-Project/lesson1_empty_project/build/spiffs/libspiffs.a
LOAD /home/moqi/work/demo/ESP32-Project/lesson1_empty_project/build/tcp_transport/libtcp_transport.a
LOAD /home/moqi/work/demo/ESP32-Project/lesson1_empty_project/build/tcpip_adapter/libtcpip_adapter.a
LOAD /home/moqi/work/demo/ESP32-Project/lesson1_empty_project/build/ulp/libulp.a
LOAD /home/moqi/work/demo/ESP32-Project/lesson1_empty_project/build/vfs/libvfs.a
LOAD /home/moqi/work/demo/ESP32-Project/lesson1_empty_project/build/wear_levelling/libwear_levelling.a
LOAD /home/moqi/work/demo/ESP32-Project/lesson1_empty_project/build/wpa_supplicant/libwpa_supplicant.a
LOAD /home/moqi/work/demo/ESP32-Project/lesson1_empty_project/build/xtensa-debug-module/libxtensa-debug-module.a
LOAD /opt/xtensa-esp32-elf/bin/../lib/gcc/xtensa-esp32-elf/5.2.0/libgcc.a
LOAD /opt/xtensa-esp32-elf/bin/../lib/gcc/xtensa-esp32-elf/5.2.0/../../../../xtensa-esp32-elf/lib/libstdc++.a
LOAD /opt/xtensa-esp32-elf/bin/../lib/gcc/xtensa-esp32-elf/5.2.0/libgcov.a
END GROUP
                0x0000000040000000                _heap_end = 0x40000000

.rtc.text       0x00000000400c0000        0x0
                0x00000000400c0000                . = ALIGN (0x4)
 *(.rtc.literal .rtc.text)
 *rtc_wake_stub*.*(.literal .text .literal.* .text.*)

.rtc.data       0x0000000050000000        0x0
                0x0000000050000000                _rtc_data_start = ABSOLUTE (.)
 *(.rtc.data)
 *(.rtc.rodata)
 *rtc_wake_stub*.*(.data .rodata .data.* .rodata.* .bss .bss.*)
                0x0000000050000000                _rtc_data_end = ABSOLUTE (.)

.rtc.bss        0x0000000050000000        0x0
                0x0000000050000000                _rtc_bss_start = ABSOLUTE (.)
 *rtc_wake_stub*.*(.bss .bss.*)
 *rtc_wake_stub*.*(COMMON)
 *(.rtc.bss)
                0x0000000050000000                _rtc_bss_end = ABSOLUTE (.)

.rtc_noinit     0x0000000050000000        0x0
                0x0000000050000000                . = ALIGN (0x4)
                0x0000000050000000                _rtc_noinit_start = ABSOLUTE (.)
 *(.rtc_noinit .rtc_noinit.*)
                0x0000000050000000                . = ALIGN (0x4)
                0x0000000050000000                _rtc_noinit_end = ABSOLUTE (.)

.iram0.vectors  0x0000000040080000      0x400
                0x0000000040080000                _iram_start = ABSOLUTE (.)
                0x0000000040080000                _init_start = ABSOLUTE (.)
                0x0000000000000000                . = 0x0
 *(.WindowVectors.text)
 .WindowVectors.text
                0x0000000040080000      0x16a /home/moqi/work/demo/ESP32-Project/lesson1_empty_project/build/freertos/libfreertos.a(xtensa_vectors.o)
                0x0000000040080000                _WindowOverflow4
                0x0000000040080040                _WindowUnderflow4
                0x0000000040080050                _xt_alloca_exc
                0x0000000040080080                _WindowOverflow8
                0x00000000400800c0                _WindowUnderflow8
                0x0000000040080100                _WindowOverflow12
                0x0000000040080140                _WindowUnderflow12
                0x0000000000000180                . = 0x180
 *fill*         0x000000004008016a       0x16 
 *(.Level2InterruptVector.text)
 .Level2InterruptVector.text
                0x0000000040080180        0x6 /home/moqi/work/demo/ESP32-Project/lesson1_empty_project/build/freertos/libfreertos.a(xtensa_vectors.o)
                0x0000000040080180                _Level2Vector
                0x00000000000001c0                . = 0x1c0
 *fill*         0x0000000040080186       0x3a 
 *(.Level3InterruptVector.text)
 .Level3InterruptVector.text
                0x00000000400801c0        0x6 /home/moqi/work/demo/ESP32-Project/lesson1_empty_project/build/freertos/libfreertos.a(xtensa_vectors.o)
                0x00000000400801c0                _Level3Vector
                0x0000000000000200                . = 0x200
 *fill*         0x00000000400801c6       0x3a 
 *(.Level4InterruptVector.text)
 .Level4InterruptVector.text
                0x0000000040080200        0x6 /home/moqi/work/demo/ESP32-Project/lesson1_empty_project/build/freertos/libfreertos.a(xtensa_vectors.o)
                0x0000000040080200                _Level4Vector
                0x0000000000000240                . = 0x240
 *fill*         0x0000000040080206       0x3a 
 *(.Level5InterruptVector.text)
 .Level5InterruptVector.text
                0x0000000040080240        0x6 /home/moqi/work/demo/ESP32-Project/lesson1_empty_project/build/freertos/libfreertos.a(xtensa_vectors.o)
                0x0000000040080240                _Level5Vector
                0x0000000000000280                . = 0x280
 *fill*         0x0000000040080246       0x3a 
 *(.DebugExceptionVector.text)
 .DebugExceptionVector.text
                0x0000000040080280        0x6 /home/moqi/work/demo/ESP32-Project/lesson1_empty_project/build/freertos/libfreertos.a(xtensa_vectors.o)
                0x0000000040080280                _DebugExceptionVector
                0x00000000000002c0                . = 0x2c0
 *fill*         0x0000000040080286       0x3a 
 *(.NMIExceptionVector.text)
 .NMIExceptionVector.text
                0x00000000400802c0        0x6 /home/moqi/work/demo/ESP32-Project/lesson1_empty_project/build/freertos/libfreertos.a(xtensa_vectors.o)
                0x00000000400802c0                _NMIExceptionVector
                0x0000000000000300                . = 0x300
 *fill*         0x00000000400802c6       0x3a 
 *(.KernelExceptionVector.text)
 .KernelExceptionVector.text
                0x0000000040080300        0x6 /home/moqi/work/demo/ESP32-Project/lesson1_empty_project/build/freertos/libfreertos.a(xtensa_vectors.o)
                0x0000000040080300                _KernelExceptionVector
                0x0000000000000340                . = 0x340
 *fill*         0x0000000040080306       0x3a 
 *(.UserExceptionVector.text)
 .UserExceptionVector.text
                0x0000000040080340        0x6 /home/moqi/work/demo/ESP32-Project/lesson1_empty_project/build/freertos/libfreertos.a(xtensa_vectors.o)
                0x0000000040080340                _UserExceptionVector
                0x00000000000003c0                . = 0x3c0
 *fill*         0x0000000040080346       0x7a 
 *(.DoubleExceptionVector.text)
 .DoubleExceptionVector.text
                0x00000000400803c0        0xf /home/moqi/work/demo/ESP32-Project/lesson1_empty_project/build/freertos/libfreertos.a(xtensa_vectors.o)
                0x00000000400803c0                _DoubleExceptionVector
                0x0000000000000400                . = 0x400
 *fill*         0x00000000400803cf       0x31 
 *(.*Vector.literal)
 *(.UserEnter.literal)
 *(.UserEnter.text)
                0x0000000040080400                . = ALIGN (0x10)
 *(.entry.text)
 *(.init.literal)
 *(.init)
                0x0000000040080400                _init_end = ABSOLUTE (.)

.iram0.text     0x0000000040080400     0x8f18
                0x0000000040080400                _iram_text_start = ABSOLUTE (.)
 *(.iram1 .iram1.*)
 .iram1.literal
                0x0000000040080400       0xa8 /home/moqi/work/demo/ESP32-Project/lesson1_empty_project/build/esp32/libesp32.a(cpu_start.o)
                                        0x1c0 (size before relaxing)
 .iram1.literal
                0x00000000400804a8        0xc /home/moqi/work/demo/ESP32-Project/lesson1_empty_project/build/esp32/libesp32.a(clk.o)
                                         0x20 (size before relaxing)
 .iram1.literal
                0x00000000400804b4       0x1c /home/moqi/work/demo/ESP32-Project/lesson1_empty_project/build/esp32/libesp32.a(crosscore_int.o)
                                         0x40 (size before relaxing)
 .iram1.literal
                0x00000000400804d0        0xc /home/moqi/work/demo/ESP32-Project/lesson1_empty_project/build/esp32/libesp32.a(cache_err_int.o)
                                         0x18 (size before relaxing)
 .iram1.literal
                0x00000000400804dc       0x20 /home/moqi/work/demo/ESP32-Project/lesson1_empty_project/build/esp32/libesp32.a(ipc.o)
                                         0x34 (size before relaxing)
 .iram1.literal
                0x00000000400804fc       0x20 /home/moqi/work/demo/ESP32-Project/lesson1_empty_project/build/esp32/libesp32.a(intr_alloc.o)
                                         0x7c (size before relaxing)
 .iram1.literal
                0x000000004008051c       0x5c /home/moqi/work/demo/ESP32-Project/lesson1_empty_project/build/esp32/libesp32.a(system_api.o)
                                         0xd0 (size before relaxing)
 .iram1.literal
                0x0000000040080578       0x24 /home/moqi/work/demo/ESP32-Project/lesson1_empty_project/build/esp32/libesp32.a(esp_timer.o)
                                         0x60 (size before relaxing)
 .iram1.literal
                0x000000004008059c       0x38 /home/moqi/work/demo/ESP32-Project/lesson1_empty_project/build/esp32/libesp32.a(dport_access.o)
                                         0x88 (size before relaxing)
 .iram1.literal
                0x00000000400805d4        0x4 /home/moqi/work/demo/ESP32-Project/lesson1_empty_project/build/esp32/libesp32.a(int_wdt.o)
                                          0xc (size before relaxing)
 .iram1.literal
                0x00000000400805d8       0x10 /home/moqi/work/demo/ESP32-Project/lesson1_empty_project/build/esp32/libesp32.a(dport_panic_highint_hdl.o)
                                         0x28 (size before relaxing)
 .iram1.literal
                0x00000000400805e8       0x60 /home/moqi/work/demo/ESP32-Project/lesson1_empty_project/build/esp32/libesp32.a(esp_timer_esp32.o)
                                         0xf8 (size before relaxing)
 .iram1.literal
                0x0000000040080648        0x4 /home/moqi/work/demo/ESP32-Project/lesson1_empty_project/build/esp32/libesp32.a(freertos_hooks.o)
 .iram1.literal
                0x000000004008064c        0x4 /home/moqi/work/demo/ESP32-Project/lesson1_empty_project/build/freertos/libfreertos.a(port.o)
 .iram1.literal
                0x0000000040080650       0x44 /home/moqi/work/demo/ESP32-Project/lesson1_empty_project/build/freertos/libfreertos.a(xtensa_vectors.o)
                                         0x68 (size before relaxing)
 .iram1.literal
                0x0000000040080694       0x58 /home/moqi/work/demo/ESP32-Project/lesson1_empty_project/build/heap/libheap.a(heap_caps.o)
                                         0xb0 (size before relaxing)
 .iram1.literal
                0x00000000400806ec       0x24 /home/moqi/work/demo/ESP32-Project/lesson1_empty_project/build/log/liblog.a(log.o)
                                         0x48 (size before relaxing)
 .iram1.literal
                0x0000000040080710        0x4 /home/moqi/work/demo/ESP32-Project/lesson1_empty_project/build/newlib/libnewlib.a(time.o)
                                         0x1c (size before relaxing)
 .iram1.literal
                0x0000000040080714        0x4 /home/moqi/work/demo/ESP32-Project/lesson1_empty_project/build/newlib/libnewlib.a(syscalls.o)
                                         0x14 (size before relaxing)
 .iram1.literal
                0x0000000040080718        0x8 /home/moqi/work/demo/ESP32-Project/lesson1_empty_project/build/newlib/libnewlib.a(reent_init.o)
                                         0x10 (size before relaxing)
 .iram1.literal
                0x0000000040080720       0x14 /home/moqi/work/demo/ESP32-Project/lesson1_empty_project/build/newlib/libnewlib.a(locks.o)
                                         0x90 (size before relaxing)
 .iram1.literal
                0x0000000040080734       0x1c /home/moqi/work/demo/ESP32-Project/lesson1_empty_project/build/soc/libsoc.a(cpu_util.o)
                                         0x30 (size before relaxing)
 .iram1.literal
                0x0000000040080750       0x50 /home/moqi/work/demo/ESP32-Project/lesson1_empty_project/build/spi_flash/libspi_flash.a(cache_utils.o)
                                        0x120 (size before relaxing)
 .iram1.literal
                0x00000000400807a0       0x38 /home/moqi/work/demo/ESP32-Project/lesson1_empty_project/build/spi_flash/libspi_flash.a(flash_ops.o)
                                         0xe4 (size before relaxing)
 .iram1.literal
                0x00000000400807d8       0x4c /home/moqi/work/demo/ESP32-Project/lesson1_empty_project/build/spi_flash/libspi_flash.a(flash_mmap.o)
                                        0x11c (size before relaxing)
 .literal.xt_unhandled_interrupt
                0x0000000040080824        0x4 /home/moqi/work/demo/ESP32-Project/lesson1_empty_project/build/freertos/libfreertos.a(xtensa_intr.o)
                                          0x8 (size before relaxing)
 .literal.xt_set_interrupt_handler
                0x0000000040080828        0x8 /home/moqi/work/demo/ESP32-Project/lesson1_empty_project/build/freertos/libfreertos.a(xtensa_intr.o)
                                          0xc (size before relaxing)
 .literal.prvIsQueueFull
                0x0000000040080830        0x0 /home/moqi/work/demo/ESP32-Project/lesson1_empty_project/build/freertos/libfreertos.a(queue.o)
                                          0x8 (size before relaxing)
 .literal.prvCopyDataToQueue
                0x0000000040080830        0x0 /home/moqi/work/demo/ESP32-Project/lesson1_empty_project/build/freertos/libfreertos.a(queue.o)
                                          0xc (size before relaxing)
 .literal.prvNotifyQueueSetContainer
                0x0000000040080830       0x14 /home/moqi/work/demo/ESP32-Project/lesson1_empty_project/build/freertos/libfreertos.a(queue.o)
                                         0x34 (size before relaxing)
 .literal.prvCopyDataFromQueue
                0x0000000040080844        0x0 /home/moqi/work/demo/ESP32-Project/lesson1_empty_project/build/freertos/libfreertos.a(queue.o)
                                          0x4 (size before relaxing)
 .literal.xQueueGenericReset
                0x0000000040080844        0x4 /home/moqi/work/demo/ESP32-Project/lesson1_empty_project/build/freertos/libfreertos.a(queue.o)
                                         0x30 (size before relaxing)
 .literal.prvInitialiseNewQueue
                0x0000000040080848        0x0 /home/moqi/work/demo/ESP32-Project/lesson1_empty_project/build/freertos/libfreertos.a(queue.o)
                                          0x4 (size before relaxing)
 .literal.xQueueGenericCreate
                0x0000000040080848        0x4 /home/moqi/work/demo/ESP32-Project/lesson1_empty_project/build/freertos/libfreertos.a(queue.o)
                                         0x1c (size before relaxing)
 .literal.xQueueGetMutexHolder
                0x000000004008084c        0x0 /home/moqi/work/demo/ESP32-Project/lesson1_empty_project/build/freertos/libfreertos.a(queue.o)
                                          0x8 (size before relaxing)
 .literal.xQueueCreateCountingSemaphore
                0x000000004008084c        0x4 /home/moqi/work/demo/ESP32-Project/lesson1_empty_project/build/freertos/libfreertos.a(queue.o)
                                         0x28 (size before relaxing)
 .literal.xQueueGenericSend
                0x0000000040080850        0x4 /home/moqi/work/demo/ESP32-Project/lesson1_empty_project/build/freertos/libfreertos.a(queue.o)
                                         0x7c (size before relaxing)
 .literal.prvInitialiseMutex
                0x0000000040080854        0x0 /home/moqi/work/demo/ESP32-Project/lesson1_empty_project/build/freertos/libfreertos.a(queue.o)
                                          0x8 (size before relaxing)
 .literal.xQueueCreateMutex
                0x0000000040080854        0x0 /home/moqi/work/demo/ESP32-Project/lesson1_empty_project/build/freertos/libfreertos.a(queue.o)
                                          0x8 (size before relaxing)
 .literal.xQueueGiveMutexRecursive
                0x0000000040080854        0x4 /home/moqi/work/demo/ESP32-Project/lesson1_empty_project/build/freertos/libfreertos.a(queue.o)
                                         0x1c (size before relaxing)
 .literal.xQueueGenericSendFromISR
                0x0000000040080858        0x4 /home/moqi/work/demo/ESP32-Project/lesson1_empty_project/build/freertos/libfreertos.a(queue.o)
                                         0x3c (size before relaxing)
 .literal.xQueueGiveFromISR
                0x000000004008085c        0x4 /home/moqi/work/demo/ESP32-Project/lesson1_empty_project/build/freertos/libfreertos.a(queue.o)
                                         0x30 (size before relaxing)
 .literal.xQueueGenericReceive
                0x0000000040080860        0x4 /home/moqi/work/demo/ESP32-Project/lesson1_empty_project/build/freertos/libfreertos.a(queue.o)
                                         0x78 (size before relaxing)
 .literal.xQueueTakeMutexRecursive
                0x0000000040080864        0x4 /home/moqi/work/demo/ESP32-Project/lesson1_empty_project/build/freertos/libfreertos.a(queue.o)
                                         0x1c (size before relaxing)
 .literal.xQueueReceiveFromISR
                0x0000000040080868        0x4 /home/moqi/work/demo/ESP32-Project/lesson1_empty_project/build/freertos/libfreertos.a(queue.o)
                                         0x30 (size before relaxing)
 .literal.vQueueDelete
                0x000000004008086c        0x4 /home/moqi/work/demo/ESP32-Project/lesson1_empty_project/build/freertos/libfreertos.a(queue.o)
                                         0x18 (size before relaxing)
 .literal.vQueueWaitForMessageRestricted
                0x0000000040080870        0x0 /home/moqi/work/demo/ESP32-Project/lesson1_empty_project/build/freertos/libfreertos.a(queue.o)
                                          0xc (size before relaxing)
 .literal.pxPortInitialiseStack
                0x0000000040080870       0x10 /home/moqi/work/demo/ESP32-Project/lesson1_empty_project/build/freertos/libfreertos.a(port.o)
                                         0x18 (size before relaxing)
 .literal.xPortStartScheduler
                0x0000000040080880        0x0 /home/moqi/work/demo/ESP32-Project/lesson1_empty_project/build/freertos/libfreertos.a(port.o)
                                         0x14 (size before relaxing)
 .literal.xPortSysTickHandler
                0x0000000040080880        0x0 /home/moqi/work/demo/ESP32-Project/lesson1_empty_project/build/freertos/libfreertos.a(port.o)
                                          0x8 (size before relaxing)
 .literal.vPortYieldOtherCore
                0x0000000040080880        0x0 /home/moqi/work/demo/ESP32-Project/lesson1_empty_project/build/freertos/libfreertos.a(port.o)
                                          0x4 (size before relaxing)
 .literal.vPortReleaseTaskMPUSettings
                0x0000000040080880        0x0 /home/moqi/work/demo/ESP32-Project/lesson1_empty_project/build/freertos/libfreertos.a(port.o)
                                          0x4 (size before relaxing)
 .literal.xPortInIsrContext
                0x0000000040080880        0x0 /home/moqi/work/demo/ESP32-Project/lesson1_empty_project/build/freertos/libfreertos.a(port.o)
                                          0x8 (size before relaxing)
 .literal.vPortCPUInitializeMutex
                0x0000000040080880        0x4 /home/moqi/work/demo/ESP32-Project/lesson1_empty_project/build/freertos/libfreertos.a(port.o)
 .literal.vPortCPUAcquireMutex
                0x0000000040080884       0x1c /home/moqi/work/demo/ESP32-Project/lesson1_empty_project/build/freertos/libfreertos.a(port.o)
                                         0x30 (size before relaxing)
 .literal.vPortCPUReleaseMutex
                0x00000000400808a0        0xc /home/moqi/work/demo/ESP32-Project/lesson1_empty_project/build/freertos/libfreertos.a(port.o)
                                         0x20 (size before relaxing)
 .literal.prvResetNextTaskUnblockTime
                0x00000000400808ac        0x8 /home/moqi/work/demo/ESP32-Project/lesson1_empty_project/build/freertos/libfreertos.a(tasks.o)
 .literal.prvDeleteTLS
                0x00000000400808b4       0x10 /home/moqi/work/demo/ESP32-Project/lesson1_empty_project/build/freertos/libfreertos.a(tasks.o)
                                         0x18 (size before relaxing)
 .literal.prvInitialiseNewTask
                0x00000000400808c4        0x0 /home/moqi/work/demo/ESP32-Project/lesson1_empty_project/build/freertos/libfreertos.a(tasks.o)
                                         0x18 (size before relaxing)
 .literal.prvInitialiseTaskLists
                0x00000000400808c4       0x20 /home/moqi/work/demo/ESP32-Project/lesson1_empty_project/build/freertos/libfreertos.a(tasks.o)
                                         0x40 (size before relaxing)
 .literal.prvDeleteTCB
                0x00000000400808e4        0x8 /home/moqi/work/demo/ESP32-Project/lesson1_empty_project/build/freertos/libfreertos.a(tasks.o)
                                         0x2c (size before relaxing)
 .literal.prvAddCurrentTaskToDelayedList
                0x00000000400808ec        0x4 /home/moqi/work/demo/ESP32-Project/lesson1_empty_project/build/freertos/libfreertos.a(tasks.o)
                                         0x1c (size before relaxing)
 .literal.taskYIELD_OTHER_CORE
                0x00000000400808f0        0x0 /home/moqi/work/demo/ESP32-Project/lesson1_empty_project/build/freertos/libfreertos.a(tasks.o)
                                         0x10 (size before relaxing)
 .literal.vTaskSuspendAll
                0x00000000400808f0        0x4 /home/moqi/work/demo/ESP32-Project/lesson1_empty_project/build/freertos/libfreertos.a(tasks.o)
                                          0x8 (size before relaxing)
 .literal.xTaskGetIdleTaskHandleForCPU
                0x00000000400808f4        0xc /home/moqi/work/demo/ESP32-Project/lesson1_empty_project/build/freertos/libfreertos.a(tasks.o)
                                         0x1c (size before relaxing)
 .literal.vTaskSwitchContext
                0x0000000040080900       0x18 /home/moqi/work/demo/ESP32-Project/lesson1_empty_project/build/freertos/libfreertos.a(tasks.o)
                                         0x3c (size before relaxing)
 .literal.vTaskSetTimeOutState
                0x0000000040080918        0xc /home/moqi/work/demo/ESP32-Project/lesson1_empty_project/build/freertos/libfreertos.a(tasks.o)
                                         0x20 (size before relaxing)
 .literal.xTaskGetCurrentTaskHandle
                0x0000000040080924        0x0 /home/moqi/work/demo/ESP32-Project/lesson1_empty_project/build/freertos/libfreertos.a(tasks.o)
                                          0x8 (size before relaxing)
 .literal.__getreent
                0x0000000040080924        0x0 /home/moqi/work/demo/ESP32-Project/lesson1_empty_project/build/freertos/libfreertos.a(tasks.o)
                                          0x8 (size before relaxing)
 .literal.pcTaskGetTaskName
                0x0000000040080924        0x8 /home/moqi/work/demo/ESP32-Project/lesson1_empty_project/build/freertos/libfreertos.a(tasks.o)
                                         0x1c (size before relaxing)
 .literal.xTaskGetAffinity
                0x000000004008092c        0x0 /home/moqi/work/demo/ESP32-Project/lesson1_empty_project/build/freertos/libfreertos.a(tasks.o)
                                          0x4 (size before relaxing)
 .literal.xTaskGetCurrentTaskHandleForCPU
                0x000000004008092c        0x0 /home/moqi/work/demo/ESP32-Project/lesson1_empty_project/build/freertos/libfreertos.a(tasks.o)
                                          0x4 (size before relaxing)
 .literal.xTaskGetSchedulerState
                0x000000004008092c        0x4 /home/moqi/work/demo/ESP32-Project/lesson1_empty_project/build/freertos/libfreertos.a(tasks.o)
                                          0xc (size before relaxing)
 .literal.vTaskEnterCritical
                0x0000000040080930       0x14 /home/moqi/work/demo/ESP32-Project/lesson1_empty_project/build/freertos/libfreertos.a(tasks.o)
                                         0x34 (size before relaxing)
 .literal.vTaskExitCritical
                0x0000000040080944        0xc /home/moqi/work/demo/ESP32-Project/lesson1_empty_project/build/freertos/libfreertos.a(tasks.o)
                                         0x28 (size before relaxing)
 .literal.prvAddNewTaskToReadyList
                0x0000000040080950       0x10 /home/moqi/work/demo/ESP32-Project/lesson1_empty_project/build/freertos/libfreertos.a(tasks.o)
                                         0x58 (size before relaxing)
 .literal.xTaskCreatePinnedToCore
                0x0000000040080960        0x0 /home/moqi/work/demo/ESP32-Project/lesson1_empty_project/build/freertos/libfreertos.a(tasks.o)
                                         0x18 (size before relaxing)
 .literal.vTaskStartScheduler
                0x0000000040080960       0x10 /home/moqi/work/demo/ESP32-Project/lesson1_empty_project/build/freertos/libfreertos.a(tasks.o)
                                         0x3c (size before relaxing)
 .literal.vTaskDelete
                0x0000000040080970        0x8 /home/moqi/work/demo/ESP32-Project/lesson1_empty_project/build/freertos/libfreertos.a(tasks.o)
                                         0x60 (size before relaxing)
 .literal.vTaskDelay
                0x0000000040080978        0x4 /home/moqi/work/demo/ESP32-Project/lesson1_empty_project/build/freertos/libfreertos.a(tasks.o)
                                         0x38 (size before relaxing)
 .literal.uxTaskPriorityGet
                0x000000004008097c        0x0 /home/moqi/work/demo/ESP32-Project/lesson1_empty_project/build/freertos/libfreertos.a(tasks.o)
                                         0x10 (size before relaxing)
 .literal.vTaskPrioritySet
                0x000000004008097c        0x4 /home/moqi/work/demo/ESP32-Project/lesson1_empty_project/build/freertos/libfreertos.a(tasks.o)
                                         0x44 (size before relaxing)
 .literal.prvCheckTasksWaitingTermination
                0x0000000040080980        0x8 /home/moqi/work/demo/ESP32-Project/lesson1_empty_project/build/freertos/libfreertos.a(tasks.o)
                                         0x30 (size before relaxing)
 .literal.prvIdleTask
                0x0000000040080988        0x0 /home/moqi/work/demo/ESP32-Project/lesson1_empty_project/build/freertos/libfreertos.a(tasks.o)
                                          0xc (size before relaxing)
 .literal.xTaskGetTickCount
                0x0000000040080988        0x4 /home/moqi/work/demo/ESP32-Project/lesson1_empty_project/build/freertos/libfreertos.a(tasks.o)
                                         0x10 (size before relaxing)
 .literal.xTaskIncrementTick
                0x000000004008098c        0xc /home/moqi/work/demo/ESP32-Project/lesson1_empty_project/build/freertos/libfreertos.a(tasks.o)
                                         0x78 (size before relaxing)
 .literal.xTaskResumeAll
                0x0000000040080998        0x8 /home/moqi/work/demo/ESP32-Project/lesson1_empty_project/build/freertos/libfreertos.a(tasks.o)
                                         0x5c (size before relaxing)
 .literal.vTaskPlaceOnEventList
                0x00000000400809a0        0x8 /home/moqi/work/demo/ESP32-Project/lesson1_empty_project/build/freertos/libfreertos.a(tasks.o)
                                         0x40 (size before relaxing)
 .literal.vTaskPlaceOnEventListRestricted
                0x00000000400809a8        0x8 /home/moqi/work/demo/ESP32-Project/lesson1_empty_project/build/freertos/libfreertos.a(tasks.o)
                                         0x38 (size before relaxing)
 .literal.xTaskRemoveFromEventList
                0x00000000400809b0        0x8 /home/moqi/work/demo/ESP32-Project/lesson1_empty_project/build/freertos/libfreertos.a(tasks.o)
                                         0x58 (size before relaxing)
 .literal.xTaskCheckForTimeOut
                0x00000000400809b8        0xc /home/moqi/work/demo/ESP32-Project/lesson1_empty_project/build/freertos/libfreertos.a(tasks.o)
                                         0x3c (size before relaxing)
 .literal.vTaskPriorityInherit
                0x00000000400809c4        0x0 /home/moqi/work/demo/ESP32-Project/lesson1_empty_project/build/freertos/libfreertos.a(tasks.o)
                                         0x2c (size before relaxing)
 .literal.xTaskPriorityDisinherit
                0x00000000400809c4        0x8 /home/moqi/work/demo/ESP32-Project/lesson1_empty_project/build/freertos/libfreertos.a(tasks.o)
                                         0x40 (size before relaxing)
 .literal.pvTaskIncrementMutexHeldCount
                0x00000000400809cc        0x0 /home/moqi/work/demo/ESP32-Project/lesson1_empty_project/build/freertos/libfreertos.a(tasks.o)
                                         0x10 (size before relaxing)
 .literal.prvGetNextExpireTime
                0x00000000400809cc        0x4 /home/moqi/work/demo/ESP32-Project/lesson1_empty_project/build/freertos/libfreertos.a(timers.o)
 .literal.prvInsertTimerInActiveList
                0x00000000400809d0        0x4 /home/moqi/work/demo/ESP32-Project/lesson1_empty_project/build/freertos/libfreertos.a(timers.o)
                                         0x10 (size before relaxing)
 .literal.prvCheckForValidListAndQueue
                0x00000000400809d4       0x1c /home/moqi/work/demo/ESP32-Project/lesson1_empty_project/build/freertos/libfreertos.a(timers.o)
                                         0x44 (size before relaxing)
 .literal.xTimerCreateTimerTask
                0x00000000400809f0        0xc /home/moqi/work/demo/ESP32-Project/lesson1_empty_project/build/freertos/libfreertos.a(timers.o)
                                         0x2c (size before relaxing)
 .literal.xTimerGenericCommand
                0x00000000400809fc        0x0 /home/moqi/work/demo/ESP32-Project/lesson1_empty_project/build/freertos/libfreertos.a(timers.o)
                                         0x14 (size before relaxing)
 .literal.prvSwitchTimerLists
                0x00000000400809fc        0x4 /home/moqi/work/demo/ESP32-Project/lesson1_empty_project/build/freertos/libfreertos.a(timers.o)
                                         0x28 (size before relaxing)
 .literal.prvSampleTimeNow
                0x0000000040080a00        0x4 /home/moqi/work/demo/ESP32-Project/lesson1_empty_project/build/freertos/libfreertos.a(timers.o)
                                          0xc (size before relaxing)
 .literal.prvProcessExpiredTimer
                0x0000000040080a04        0x4 /home/moqi/work/demo/ESP32-Project/lesson1_empty_project/build/freertos/libfreertos.a(timers.o)
                                         0x24 (size before relaxing)
 .literal.prvProcessTimerOrBlockTask
                0x0000000040080a08        0x0 /home/moqi/work/demo/ESP32-Project/lesson1_empty_project/build/freertos/libfreertos.a(timers.o)
                                         0x24 (size before relaxing)
 .literal.prvProcessReceivedCommands
                0x0000000040080a08        0x8 /home/moqi/work/demo/ESP32-Project/lesson1_empty_project/build/freertos/libfreertos.a(timers.o)
                                         0x40 (size before relaxing)
 .literal.prvTimerTask
                0x0000000040080a10        0x0 /home/moqi/work/demo/ESP32-Project/lesson1_empty_project/build/freertos/libfreertos.a(timers.o)
                                          0xc (size before relaxing)
 .literal       0x0000000040080a10        0x0 /home/moqi/work/demo/ESP32-Project/lesson1_empty_project/build/freertos/libfreertos.a(xtensa_context.o)
                                         0x10 (size before relaxing)
 .literal       0x0000000040080a10       0x10 /home/moqi/work/demo/ESP32-Project/lesson1_empty_project/build/freertos/libfreertos.a(portasm.o)
                                         0x54 (size before relaxing)
 .literal._xt_tick_divisor_init
                0x0000000040080a20        0x4 /home/moqi/work/demo/ESP32-Project/lesson1_empty_project/build/freertos/libfreertos.a(xtensa_init.o)
                                          0xc (size before relaxing)
 .literal.prvGetFreeSize
                0x0000000040080a24        0xc /home/moqi/work/demo/ESP32-Project/lesson1_empty_project/build/freertos/libfreertos.a(ringbuf.o)
                                         0x14 (size before relaxing)
 .literal.prvReceiveGeneric
                0x0000000040080a30        0x4 /home/moqi/work/demo/ESP32-Project/lesson1_empty_project/build/freertos/libfreertos.a(ringbuf.o)
                                         0x3c (size before relaxing)
 .literal.xRingbufferSend
                0x0000000040080a34        0x4 /home/moqi/work/demo/ESP32-Project/lesson1_empty_project/build/freertos/libfreertos.a(ringbuf.o)
                                         0x40 (size before relaxing)
 .literal.xRingbufferReceive
                0x0000000040080a38        0x4 /home/moqi/work/demo/ESP32-Project/lesson1_empty_project/build/freertos/libfreertos.a(ringbuf.o)
                                         0x18 (size before relaxing)
 .literal.vRingbufferReturnItem
                0x0000000040080a3c        0x4 /home/moqi/work/demo/ESP32-Project/lesson1_empty_project/build/freertos/libfreertos.a(ringbuf.o)
                                         0x28 (size before relaxing)
 .literal.get_prev_free_block
                0x0000000040080a40       0x10 /home/moqi/work/demo/ESP32-Project/lesson1_empty_project/build/heap/libheap.a(multi_heap.o)
                                         0x28 (size before relaxing)
 .literal.split_if_necessary
                0x0000000040080a50       0x10 /home/moqi/work/demo/ESP32-Project/lesson1_empty_project/build/heap/libheap.a(multi_heap.o)
                                         0x50 (size before relaxing)
 .literal.assert_valid_block
                0x0000000040080a60        0x0 /home/moqi/work/demo/ESP32-Project/lesson1_empty_project/build/heap/libheap.a(multi_heap.o)
                                         0x2c (size before relaxing)
 .literal.merge_adjacent
                0x0000000040080a60        0x8 /home/moqi/work/demo/ESP32-Project/lesson1_empty_project/build/heap/libheap.a(multi_heap.o)
                                         0x4c (size before relaxing)
 .literal.multi_heap_get_allocated_size_impl
                0x0000000040080a68        0x0 /home/moqi/work/demo/ESP32-Project/lesson1_empty_project/build/heap/libheap.a(multi_heap.o)
                                         0x10 (size before relaxing)
 .literal.multi_heap_malloc_impl
                0x0000000040080a68        0x0 /home/moqi/work/demo/ESP32-Project/lesson1_empty_project/build/heap/libheap.a(multi_heap.o)
                                         0x28 (size before relaxing)
 .literal.multi_heap_free_impl
                0x0000000040080a68        0x0 /home/moqi/work/demo/ESP32-Project/lesson1_empty_project/build/heap/libheap.a(multi_heap.o)
                                         0x50 (size before relaxing)
 .literal.multi_heap_realloc_impl
                0x0000000040080a68        0x8 /home/moqi/work/demo/ESP32-Project/lesson1_empty_project/build/heap/libheap.a(multi_heap.o)
                                         0x68 (size before relaxing)
 .literal.panicPutChar
                0x0000000040080a70        0x8 /home/moqi/work/demo/ESP32-Project/lesson1_empty_project/build/esp32/libesp32.a(panic.o)
 .literal.panicPutStr
                0x0000000040080a78        0x0 /home/moqi/work/demo/ESP32-Project/lesson1_empty_project/build/esp32/libesp32.a(panic.o)
                                          0x4 (size before relaxing)
 .literal.panicPutHex
                0x0000000040080a78        0x0 /home/moqi/work/demo/ESP32-Project/lesson1_empty_project/build/esp32/libesp32.a(panic.o)
                                          0x8 (size before relaxing)
 .literal.panicPutDec
                0x0000000040080a78        0x4 /home/moqi/work/demo/ESP32-Project/lesson1_empty_project/build/esp32/libesp32.a(panic.o)
                                         0x10 (size before relaxing)
 .literal.reconfigureAllWdts
                0x0000000040080a7c       0x10 /home/moqi/work/demo/ESP32-Project/lesson1_empty_project/build/esp32/libesp32.a(panic.o)
                                         0x24 (size before relaxing)
 .literal.putEntry
                0x0000000040080a8c       0x10 /home/moqi/work/demo/ESP32-Project/lesson1_empty_project/build/esp32/libesp32.a(panic.o)
                                         0x20 (size before relaxing)
 .literal.doBacktrace
                0x0000000040080a9c       0x10 /home/moqi/work/demo/ESP32-Project/lesson1_empty_project/build/esp32/libesp32.a(panic.o)
                                         0x24 (size before relaxing)
 .literal.invoke_abort
                0x0000000040080aac        0x4 /home/moqi/work/demo/ESP32-Project/lesson1_empty_project/build/esp32/libesp32.a(panic.o)
                                          0x8 (size before relaxing)
 .literal.haltOtherCore
                0x0000000040080ab0        0x0 /home/moqi/work/demo/ESP32-Project/lesson1_empty_project/build/esp32/libesp32.a(panic.o)
                                          0x4 (size before relaxing)
 .literal.commonErrorHandler_dump
                0x0000000040080ab0       0x30 /home/moqi/work/demo/ESP32-Project/lesson1_empty_project/build/esp32/libesp32.a(panic.o)
                                         0x90 (size before relaxing)
 .literal.esp_panic_dig_reset
                0x0000000040080ae0        0x0 /home/moqi/work/demo/ESP32-Project/lesson1_empty_project/build/esp32/libesp32.a(panic.o)
                                         0x14 (size before relaxing)
 .literal.commonErrorHandler
                0x0000000040080ae0        0x8 /home/moqi/work/demo/ESP32-Project/lesson1_empty_project/build/esp32/libesp32.a(panic.o)
                                         0x4c (size before relaxing)
 .literal.abort
                0x0000000040080ae8        0x8 /home/moqi/work/demo/ESP32-Project/lesson1_empty_project/build/esp32/libesp32.a(panic.o)
                                         0x18 (size before relaxing)
 .literal.vApplicationStackOverflowHook
                0x0000000040080af0        0x8 /home/moqi/work/demo/ESP32-Project/lesson1_empty_project/build/esp32/libesp32.a(panic.o)
                                         0x18 (size before relaxing)
 .literal.panicHandler
                0x0000000040080af8       0x34 /home/moqi/work/demo/ESP32-Project/lesson1_empty_project/build/esp32/libesp32.a(panic.o)
                                         0xa8 (size before relaxing)
 .literal.xt_unhandled_exception
                0x0000000040080b2c       0x18 /home/moqi/work/demo/ESP32-Project/lesson1_empty_project/build/esp32/libesp32.a(panic.o)
                                         0x64 (size before relaxing)
 .literal._esp_error_check_failed
                0x0000000040080b44       0x14 /home/moqi/work/demo/ESP32-Project/lesson1_empty_project/build/esp32/libesp32.a(panic.o)
                                         0x30 (size before relaxing)
 .literal.rtc_wdt_get_protect_status
                0x0000000040080b58        0x8 /home/moqi/work/demo/ESP32-Project/lesson1_empty_project/build/soc/libsoc.a(rtc_wdt.o)
 .literal.rtc_wdt_protect_off
                0x0000000040080b60        0x0 /home/moqi/work/demo/ESP32-Project/lesson1_empty_project/build/soc/libsoc.a(rtc_wdt.o)
                                          0x8 (size before relaxing)
 .literal.rtc_wdt_protect_on
                0x0000000040080b60        0x0 /home/moqi/work/demo/ESP32-Project/lesson1_empty_project/build/soc/libsoc.a(rtc_wdt.o)
                                          0x4 (size before relaxing)
 .literal.rtc_wdt_enable
                0x0000000040080b60        0xc /home/moqi/work/demo/ESP32-Project/lesson1_empty_project/build/soc/libsoc.a(rtc_wdt.o)
                                         0x10 (size before relaxing)
 .literal.rtc_wdt_feed
                0x0000000040080b6c        0x0 /home/moqi/work/demo/ESP32-Project/lesson1_empty_project/build/soc/libsoc.a(rtc_wdt.o)
                                         0x14 (size before relaxing)
 .literal.rtc_wdt_set_time
                0x0000000040080b6c       0x14 /home/moqi/work/demo/ESP32-Project/lesson1_empty_project/build/soc/libsoc.a(rtc_wdt.o)
                                         0x20 (size before relaxing)
 .literal.rtc_wdt_set_stage
                0x0000000040080b80       0x10 /home/moqi/work/demo/ESP32-Project/lesson1_empty_project/build/soc/libsoc.a(rtc_wdt.o)
                                         0x14 (size before relaxing)
 .literal.rtc_wdt_disable
                0x0000000040080b90        0x0 /home/moqi/work/demo/ESP32-Project/lesson1_empty_project/build/soc/libsoc.a(rtc_wdt.o)
                                         0x2c (size before relaxing)
 .literal.rtc_wdt_set_length_of_reset_signal
                0x0000000040080b90        0x8 /home/moqi/work/demo/ESP32-Project/lesson1_empty_project/build/soc/libsoc.a(rtc_wdt.o)
                                          0xc (size before relaxing)
 .literal.rtc_wdt_is_on
                0x0000000040080b98        0x0 /home/moqi/work/demo/ESP32-Project/lesson1_empty_project/build/soc/libsoc.a(rtc_wdt.o)
                                          0x4 (size before relaxing)
 .literal.rtc_clk_cal_internal
                0x0000000040080b98       0x3c /home/moqi/work/demo/ESP32-Project/lesson1_empty_project/build/soc/libsoc.a(rtc_time.o)
                                         0x64 (size before relaxing)
 .literal.rtc_clk_cal
                0x0000000040080bd4        0x0 /home/moqi/work/demo/ESP32-Project/lesson1_empty_project/build/soc/libsoc.a(rtc_time.o)
                                          0xc (size before relaxing)
 .literal.rtc_time_get
                0x0000000040080bd4       0x10 /home/moqi/work/demo/ESP32-Project/lesson1_empty_project/build/soc/libsoc.a(rtc_time.o)
                                         0x18 (size before relaxing)
 .literal.rtc_clk_wait_for_slow_cycle
                0x0000000040080be4        0x8 /home/moqi/work/demo/ESP32-Project/lesson1_empty_project/build/soc/libsoc.a(rtc_time.o)
                                         0x20 (size before relaxing)
 .literal.rtc_init
                0x0000000040080bec       0x88 /home/moqi/work/demo/ESP32-Project/lesson1_empty_project/build/soc/libsoc.a(rtc_init.o)
                                         0xdc (size before relaxing)
 .literal.rtc_clk_32k_enable_common
                0x0000000040080c74       0x14 /home/moqi/work/demo/ESP32-Project/lesson1_empty_project/build/soc/libsoc.a(rtc_clk.o)
 .literal.rtc_clk_bbpll_disable
                0x0000000040080c88        0x8 /home/moqi/work/demo/ESP32-Project/lesson1_empty_project/build/soc/libsoc.a(rtc_clk.o)
                                         0x10 (size before relaxing)
 .literal.rtc_clk_bbpll_enable
                0x0000000040080c90        0x4 /home/moqi/work/demo/ESP32-Project/lesson1_empty_project/build/soc/libsoc.a(rtc_clk.o)
                                          0x8 (size before relaxing)
 .literal.rtc_clk_32k_enable
                0x0000000040080c94        0x0 /home/moqi/work/demo/ESP32-Project/lesson1_empty_project/build/soc/libsoc.a(rtc_clk.o)
                                          0xc (size before relaxing)
 .literal.rtc_clk_32k_enable_external
                0x0000000040080c94        0x0 /home/moqi/work/demo/ESP32-Project/lesson1_empty_project/build/soc/libsoc.a(rtc_clk.o)
                                          0x4 (size before relaxing)
 .literal.rtc_clk_8m_enable
                0x0000000040080c94        0x0 /home/moqi/work/demo/ESP32-Project/lesson1_empty_project/build/soc/libsoc.a(rtc_clk.o)
                                         0x10 (size before relaxing)
 .literal.rtc_clk_slow_freq_set
                0x0000000040080c94        0x0 /home/moqi/work/demo/ESP32-Project/lesson1_empty_project/build/soc/libsoc.a(rtc_clk.o)
                                          0xc (size before relaxing)
 .literal.rtc_clk_slow_freq_get
                0x0000000040080c94        0x0 /home/moqi/work/demo/ESP32-Project/lesson1_empty_project/build/soc/libsoc.a(rtc_clk.o)
                                          0x4 (size before relaxing)
 .literal.rtc_clk_slow_freq_get_hz
                0x0000000040080c94        0x0 /home/moqi/work/demo/ESP32-Project/lesson1_empty_project/build/soc/libsoc.a(rtc_clk.o)
                                         0x10 (size before relaxing)
 .literal.rtc_clk_fast_freq_set
                0x0000000040080c94        0x0 /home/moqi/work/demo/ESP32-Project/lesson1_empty_project/build/soc/libsoc.a(rtc_clk.o)
                                          0xc (size before relaxing)
 .literal.rtc_clk_bbpll_configure
                0x0000000040080c94        0x8 /home/moqi/work/demo/ESP32-Project/lesson1_empty_project/build/soc/libsoc.a(rtc_clk.o)
                                         0x3c (size before relaxing)
 .literal.rtc_clk_xtal_freq_get
                0x0000000040080c9c        0x8 /home/moqi/work/demo/ESP32-Project/lesson1_empty_project/build/soc/libsoc.a(rtc_clk.o)
 .literal.rtc_clk_cpu_freq_mhz_to_config
                0x0000000040080ca4        0x0 /home/moqi/work/demo/ESP32-Project/lesson1_empty_project/build/soc/libsoc.a(rtc_clk.o)
                                          0x4 (size before relaxing)
 .literal.rtc_clk_cpu_freq_get_config
                0x0000000040080ca4       0x14 /home/moqi/work/demo/ESP32-Project/lesson1_empty_project/build/soc/libsoc.a(rtc_clk.o)
                                         0x28 (size before relaxing)
 .literal.rtc_clk_apb_freq_update
                0x0000000040080cb8        0x4 /home/moqi/work/demo/ESP32-Project/lesson1_empty_project/build/soc/libsoc.a(rtc_clk.o)
 .literal.rtc_clk_cpu_freq_to_xtal
                0x0000000040080cbc        0xc /home/moqi/work/demo/ESP32-Project/lesson1_empty_project/build/soc/libsoc.a(rtc_clk.o)
                                         0x34 (size before relaxing)
 .literal.rtc_clk_cpu_freq_set_xtal
                0x0000000040080cc8        0x0 /home/moqi/work/demo/ESP32-Project/lesson1_empty_project/build/soc/libsoc.a(rtc_clk.o)
                                         0x10 (size before relaxing)
 .literal.rtc_clk_cpu_freq_to_pll_mhz
                0x0000000040080cc8        0xc /home/moqi/work/demo/ESP32-Project/lesson1_empty_project/build/soc/libsoc.a(rtc_clk.o)
                                         0x38 (size before relaxing)
 .literal.rtc_clk_cpu_freq_to_8m
                0x0000000040080cd4        0x4 /home/moqi/work/demo/ESP32-Project/lesson1_empty_project/build/soc/libsoc.a(rtc_clk.o)
                                         0x2c (size before relaxing)
 .literal.rtc_clk_cpu_freq_set_config
                0x0000000040080cd8        0x0 /home/moqi/work/demo/ESP32-Project/lesson1_empty_project/build/soc/libsoc.a(rtc_clk.o)
                                         0x30 (size before relaxing)
 .literal.rtc_clk_apb_freq_get
                0x0000000040080cd8        0x4 /home/moqi/work/demo/ESP32-Project/lesson1_empty_project/build/soc/libsoc.a(rtc_clk.o)
                                         0x10 (size before relaxing)
 .literal       0x0000000040080cdc        0x0 /home/moqi/work/sources/esp-idf/components/esp32/libhal.a(windowspill_asm.o)
                                          0x4 (size before relaxing)
 .literal.esp_rom_spiflash_read_status
                0x0000000040080cdc       0x10 /home/moqi/work/demo/ESP32-Project/lesson1_empty_project/build/spi_flash/libspi_flash.a(spi_flash_rom_patch.o)
                                         0x14 (size before relaxing)
 .literal.esp_rom_spiflash_wait_idle
                0x0000000040080cec        0x8 /home/moqi/work/demo/ESP32-Project/lesson1_empty_project/build/spi_flash/libspi_flash.a(spi_flash_rom_patch.o)
                                          0xc (size before relaxing)
 .literal.esp_rom_spiflash_erase_block_internal
                0x0000000040080cf4        0x4 /home/moqi/work/demo/ESP32-Project/lesson1_empty_project/build/spi_flash/libspi_flash.a(spi_flash_rom_patch.o)
                                         0x18 (size before relaxing)
 .literal.esp_rom_spiflash_erase_sector_internal
                0x0000000040080cf8        0x0 /home/moqi/work/demo/ESP32-Project/lesson1_empty_project/build/spi_flash/libspi_flash.a(spi_flash_rom_patch.o)
                                         0x18 (size before relaxing)
 .literal.esp_rom_spiflash_read_data
                0x0000000040080cf8       0x18 /home/moqi/work/demo/ESP32-Project/lesson1_empty_project/build/spi_flash/libspi_flash.a(spi_flash_rom_patch.o)
                                         0x34 (size before relaxing)
 .literal.esp_rom_spiflash_enable_write
                0x0000000040080d10        0x0 /home/moqi/work/demo/ESP32-Project/lesson1_empty_project/build/spi_flash/libspi_flash.a(spi_flash_rom_patch.o)
                                         0x10 (size before relaxing)
 .literal.esp_rom_spiflash_program_page_internal
                0x0000000040080d10       0x10 /home/moqi/work/demo/ESP32-Project/lesson1_empty_project/build/spi_flash/libspi_flash.a(spi_flash_rom_patch.o)
                                         0x40 (size before relaxing)
 .literal.esp_rom_spiflash_read_statushigh
                0x0000000040080d20        0x4 /home/moqi/work/demo/ESP32-Project/lesson1_empty_project/build/spi_flash/libspi_flash.a(spi_flash_rom_patch.o)
                                          0xc (size before relaxing)
 .literal.esp_rom_spiflash_write_status
                0x0000000040080d24        0x4 /home/moqi/work/demo/ESP32-Project/lesson1_empty_project/build/spi_flash/libspi_flash.a(spi_flash_rom_patch.o)
                                         0x14 (size before relaxing)
 .literal.esp_rom_spiflash_unlock
                0x0000000040080d28        0x8 /home/moqi/work/demo/ESP32-Project/lesson1_empty_project/build/spi_flash/libspi_flash.a(spi_flash_rom_patch.o)
                                         0x28 (size before relaxing)
 .literal.esp_rom_spiflash_erase_block
                0x0000000040080d30        0xc /home/moqi/work/demo/ESP32-Project/lesson1_empty_project/build/spi_flash/libspi_flash.a(spi_flash_rom_patch.o)
                                         0x20 (size before relaxing)
 .literal.esp_rom_spiflash_erase_sector
                0x0000000040080d3c        0x0 /home/moqi/work/demo/ESP32-Project/lesson1_empty_project/build/spi_flash/libspi_flash.a(spi_flash_rom_patch.o)
                                         0x20 (size before relaxing)
 .literal.esp_rom_spiflash_write
                0x0000000040080d3c        0x0 /home/moqi/work/demo/ESP32-Project/lesson1_empty_project/build/spi_flash/libspi_flash.a(spi_flash_rom_patch.o)
                                         0x28 (size before relaxing)
 .literal.esp_rom_spiflash_write_encrypted
                0x0000000040080d3c        0xc /home/moqi/work/demo/ESP32-Project/lesson1_empty_project/build/spi_flash/libspi_flash.a(spi_flash_rom_patch.o)
                                         0x10 (size before relaxing)
 .literal.esp_rom_spiflash_read
                0x0000000040080d48       0x30 /home/moqi/work/demo/ESP32-Project/lesson1_empty_project/build/spi_flash/libspi_flash.a(spi_flash_rom_patch.o)
                                         0x5c (size before relaxing)
 .literal       0x0000000040080d78       0x10 /home/moqi/work/sources/esp-idf/components/newlib/lib/libm.a(lib_a-s_fpclassify.o)
                                         0x18 (size before relaxing)
 .iram1         0x0000000040080d88      0x25a /home/moqi/work/demo/ESP32-Project/lesson1_empty_project/build/esp32/libesp32.a(cpu_start.o)
                                        0x30e (size before relaxing)
                0x0000000040080d88                start_cpu0
                0x0000000040080d88                start_cpu0_default
                0x0000000040080e58                start_cpu1_default
                0x0000000040080e58                start_cpu1
                0x0000000040080ed4                call_start_cpu0
 *fill*         0x0000000040080fe2        0x2 
 .iram1         0x0000000040080fe4       0x47 /home/moqi/work/demo/ESP32-Project/lesson1_empty_project/build/esp32/libesp32.a(clk.o)
                                         0x4b (size before relaxing)
                0x0000000040080fe4                esp_clk_cpu_freq
                0x0000000040080ff4                esp_clk_apb_freq
                0x000000004008100c                esp_clk_xtal_freq
                0x000000004008101c                ets_update_cpu_frequency
 *fill*         0x000000004008102b        0x1 
 .iram1         0x000000004008102c       0xb0 /home/moqi/work/demo/ESP32-Project/lesson1_empty_project/build/esp32/libesp32.a(crosscore_int.o)
                                         0xc0 (size before relaxing)
                0x00000000400810c4                esp_crosscore_int_send_yield
                0x00000000400810d0                esp_crosscore_int_send_freq_switch
 .iram1         0x00000000400810dc       0x2c /home/moqi/work/demo/ESP32-Project/lesson1_empty_project/build/esp32/libesp32.a(cache_err_int.o)
                                         0x34 (size before relaxing)
                0x00000000400810dc                esp_cache_err_get_cpuid
 .iram1         0x0000000040081108       0x7f /home/moqi/work/demo/ESP32-Project/lesson1_empty_project/build/esp32/libesp32.a(ipc.o)
                                         0x8b (size before relaxing)
 *fill*         0x0000000040081187        0x1 
 .iram1         0x0000000040081188      0x2b6 /home/moqi/work/demo/ESP32-Project/lesson1_empty_project/build/esp32/libesp32.a(intr_alloc.o)
                                        0x2ce (size before relaxing)
                0x00000000400811c4                esp_intr_set_in_iram
                0x000000004008124c                esp_intr_enable
                0x00000000400812d4                esp_intr_disable
                0x000000004008139c                esp_intr_noniram_disable
                0x00000000400813e8                esp_intr_noniram_enable
                0x0000000040081428                ets_isr_unmask
                0x0000000040081434                ets_isr_mask
 *fill*         0x000000004008143e        0x2 
 .iram1         0x0000000040081440      0x1f1 /home/moqi/work/demo/ESP32-Project/lesson1_empty_project/build/esp32/libesp32.a(system_api.o)
                                        0x244 (size before relaxing)
                0x00000000400814b8                esp_restart_noos
                0x0000000040081610                esp_restart
                0x0000000040081610                system_restart
 *fill*         0x0000000040081631        0x3 
 .iram1         0x0000000040081634      0x205 /home/moqi/work/demo/ESP32-Project/lesson1_empty_project/build/esp32/libesp32.a(esp_timer.o)
                                        0x219 (size before relaxing)
                0x0000000040081750                esp_timer_stop
                0x0000000040081774                esp_timer_get_next_alarm
                0x0000000040081794                esp_timer_get_time
                0x00000000400817a4                esp_timer_start_once
                0x00000000400817e8                esp_timer_start_periodic
 *fill*         0x0000000040081839        0x3 
 .iram1         0x000000004008183c      0x1e3 /home/moqi/work/demo/ESP32-Project/lesson1_empty_project/build/esp32/libesp32.a(dport_access.o)
                                        0x1ef (size before relaxing)
                0x000000004008183c                esp_dport_access_stall_other_cpu_start
                0x00000000400818ec                esp_dport_access_stall_other_cpu_end
                0x0000000040081968                esp_dport_access_stall_other_cpu_start_wrap
                0x0000000040081970                esp_dport_access_stall_other_cpu_end_wrap
                0x0000000040081978                esp_dport_access_int_pause
                0x000000004008199c                esp_dport_access_int_abort
                0x00000000400819b0                esp_dport_access_int_resume
                0x00000000400819d4                esp_dport_access_reg_read
                0x00000000400819ec                esp_dport_access_sequence_reg_read
                0x00000000400819f8                esp_dport_access_read_buffer
 *fill*         0x0000000040081a1f        0x1 
 .iram1         0x0000000040081a20       0x53 /home/moqi/work/demo/ESP32-Project/lesson1_empty_project/build/esp32/libesp32.a(int_wdt.o)
 *fill*         0x0000000040081a73        0x1 
 .iram1         0x0000000040081a74       0xda /home/moqi/work/demo/ESP32-Project/lesson1_empty_project/build/esp32/libesp32.a(dport_panic_highint_hdl.o)
                0x0000000040081a74                xt_highint4
                0x0000000040081b4e                ld_include_panic_highint_hdl
 *fill*         0x0000000040081b4e        0x2 
 .iram1         0x0000000040081b50      0x4af /home/moqi/work/demo/ESP32-Project/lesson1_empty_project/build/esp32/libesp32.a(esp_timer_esp32.o)
                                        0x4bb (size before relaxing)
                0x0000000040081c74                esp_timer_impl_get_time
                0x0000000040081de4                esp_timer_impl_set_alarm
                0x0000000040081f2c                esp_timer_impl_update_apb_freq
                0x0000000040081ff4                esp_timer_impl_get_min_period_us
 *fill*         0x0000000040081fff        0x1 
 .iram1         0x0000000040082000       0x27 /home/moqi/work/demo/ESP32-Project/lesson1_empty_project/build/esp32/libesp32.a(freertos_hooks.o)
                0x0000000040082000                esp_vApplicationTickHook
 *fill*         0x0000000040082027        0x1 
 .iram1         0x0000000040082028       0x1a /home/moqi/work/demo/ESP32-Project/lesson1_empty_project/build/freertos/libfreertos.a(port.o)
                0x0000000040082028                xPortInterruptedFromISRContext
 *fill*         0x0000000040082042        0x2 
 .iram1         0x0000000040082044      0x4b4 /home/moqi/work/demo/ESP32-Project/lesson1_empty_project/build/freertos/libfreertos.a(xtensa_vectors.o)
                0x0000000040082044                _xt_panic
                0x000000004008215c                _xt_user_exit
                0x0000000040082448                _xt_medint2_exit
                0x00000000400824e4                _xt_medint3_exit
 .iram1         0x00000000400824f8      0x3f1 /home/moqi/work/demo/ESP32-Project/lesson1_empty_project/build/heap/libheap.a(heap_caps.o)
                                        0x40d (size before relaxing)
                0x0000000040082588                heap_caps_malloc
                0x0000000040082628                heap_caps_malloc_default
                0x000000004008266c                heap_caps_malloc_prefer
                0x00000000400826c4                heap_caps_free
                0x00000000400826fc                heap_caps_realloc
                0x00000000400827a8                heap_caps_realloc_default
                0x0000000040082800                heap_caps_realloc_prefer
                0x0000000040082864                heap_caps_calloc
                0x0000000040082894                heap_caps_calloc_prefer
 *fill*         0x00000000400828e9        0x3 
 .iram1         0x00000000400828ec      0x18a /home/moqi/work/demo/ESP32-Project/lesson1_empty_project/build/log/liblog.a(log.o)
                                        0x19a (size before relaxing)
                0x00000000400828ec                esp_log_write
                0x0000000040082a1c                esp_log_early_timestamp
                0x0000000040082a38                esp_log_timestamp
 *fill*         0x0000000040082a76        0x2 
 .iram1         0x0000000040082a78       0x70 /home/moqi/work/demo/ESP32-Project/lesson1_empty_project/build/newlib/libnewlib.a(time.o)
                                         0x74 (size before relaxing)
                0x0000000040082a78                _gettimeofday_r
                0x0000000040082ac0                _times_r
 .iram1         0x0000000040082ae8       0x5a /home/moqi/work/demo/ESP32-Project/lesson1_empty_project/build/newlib/libnewlib.a(syscalls.o)
                                         0x62 (size before relaxing)
                0x0000000040082ae8                _malloc_r
                0x0000000040082af4                _free_r
                0x0000000040082b00                _realloc_r
                0x0000000040082b14                _calloc_r
 *fill*         0x0000000040082b42        0x2 
 .iram1         0x0000000040082b44       0x3c /home/moqi/work/demo/ESP32-Project/lesson1_empty_project/build/newlib/libnewlib.a(reent_init.o)
                0x0000000040082b44                esp_reent_init
 .iram1         0x0000000040082b80      0x1cc /home/moqi/work/demo/ESP32-Project/lesson1_empty_project/build/newlib/libnewlib.a(locks.o)
                                        0x210 (size before relaxing)
                0x0000000040082c98                _lock_init
                0x0000000040082ca8                _lock_init_recursive
                0x0000000040082cb8                _lock_close
                0x0000000040082cf4                _lock_acquire
                0x0000000040082d04                _lock_acquire_recursive
                0x0000000040082d14                _lock_try_acquire
                0x0000000040082d24                _lock_try_acquire_recursive
                0x0000000040082d34                _lock_release
                0x0000000040082d40                _lock_release_recursive
 .iram1         0x0000000040082d4c      0x11a /home/moqi/work/demo/ESP32-Project/lesson1_empty_project/build/soc/libsoc.a(cpu_util.o)
                0x0000000040082d4c                esp_cpu_stall
                0x0000000040082de0                esp_cpu_unstall
                0x0000000040082e34                esp_cpu_reset
                0x0000000040082e58                esp_cpu_in_ocd_debug_mode
 *fill*         0x0000000040082e66        0x2 
 .iram1         0x0000000040082e68      0x2f4 /home/moqi/work/demo/ESP32-Project/lesson1_empty_project/build/spi_flash/libspi_flash.a(cache_utils.o)
                                        0x340 (size before relaxing)
                0x0000000040082ecc                spi_flash_op_block_func
                0x0000000040082f78                spi_flash_disable_interrupts_caches_and_other_cpu
                0x0000000040083058                spi_flash_enable_interrupts_caches_and_other_cpu
                0x00000000400830f0                spi_flash_disable_interrupts_caches_and_other_cpu_no_os
                0x000000004008311c                spi_flash_enable_interrupts_caches_no_os
                0x0000000040083138                spi_flash_cache_enabled
 .iram1         0x000000004008315c      0x722 /home/moqi/work/demo/ESP32-Project/lesson1_empty_project/build/spi_flash/libspi_flash.a(flash_ops.o)
                                        0x74a (size before relaxing)
                0x00000000400831cc                spi_flash_guard_set
                0x00000000400831d8                spi_flash_guard_get
                0x00000000400831e4                spi_flash_get_chip_size
                0x00000000400831f0                spi_flash_erase_range
                0x00000000400832a8                spi_flash_erase_sector
                0x00000000400832cc                spi_flash_write
                0x0000000040083494                spi_flash_read
                0x000000004008372c                spi_flash_read_encrypted
                0x0000000040083774                spi_flash_write_encrypted
 *fill*         0x000000004008387e        0x2 
 .iram1         0x0000000040083880      0x4ce /home/moqi/work/demo/ESP32-Project/lesson1_empty_project/build/spi_flash/libspi_flash.a(flash_mmap.o)
                                        0x502 (size before relaxing)
                0x00000000400839ac                spi_flash_mmap_pages
                0x0000000040083bec                spi_flash_mmap
                0x0000000040083c60                spi_flash_munmap
                0x0000000040083d04                spi_flash_mark_modified_region
 *fill*         0x0000000040083d4e        0x0 
 *fill*         0x0000000040083d4e        0x0 
 *fill*         0x0000000040083d4e        0x0 
 *fill*         0x0000000040083d4e        0x0 
 *fill*         0x0000000040083d4e        0x0 
 *fill*         0x0000000040083d4e        0x0 
 *fill*         0x0000000040083d4e        0x0 
 *fill*         0x0000000040083d4e        0x2 
 .iram1         0x0000000040083d50       0x20 /home/moqi/work/demo/ESP32-Project/lesson1_empty_project/build/esp32/libesp32.a(dbg_stubs.o)
 *fill*         0x0000000040083d70        0x0 
 *fill*         0x0000000040083d70        0x0 
 *fill*         0x0000000040083d70        0x0 
 .iram1         0x0000000040083d70       0x2e /home/moqi/work/demo/ESP32-Project/lesson1_empty_project/build/freertos/libfreertos.a(xtensa_vector_defaults.o)
                0x0000000040083d70                xt_debugexception
                0x0000000040083d90                xt_highint5
                0x0000000040083d98                _xt_nmi
                0x0000000040083d98                xt_nmi
 *fill*         0x0000000040083d9e        0x0 
 *fill*         0x0000000040083d9e        0x0 
 *fill*         0x0000000040083d9e        0x0 
 *fill*         0x0000000040083d9e        0x0 
 *fill*         0x0000000040083d9e        0x0 
 *fill*         0x0000000040083d9e        0x0 
 *libfreertos.a:(.literal .text .literal.* .text.*)
 *fill*         0x0000000040083d9e        0x2 
 .text.xt_unhandled_interrupt
                0x0000000040083da0       0x16 /home/moqi/work/demo/ESP32-Project/lesson1_empty_project/build/freertos/libfreertos.a(xtensa_intr.o)
                0x0000000040083da0                xt_unhandled_interrupt
 *fill*         0x0000000040083db6        0x2 
 .text.xt_set_interrupt_handler
                0x0000000040083db8       0x46 /home/moqi/work/demo/ESP32-Project/lesson1_empty_project/build/freertos/libfreertos.a(xtensa_intr.o)
                0x0000000040083db8                xt_set_interrupt_handler
 *fill*         0x0000000040083dfe        0x2 
 .text.prvIsQueueFull
                0x0000000040083e00       0x2a /home/moqi/work/demo/ESP32-Project/lesson1_empty_project/build/freertos/libfreertos.a(queue.o)
 *fill*         0x0000000040083e2a        0x2 
 .text.prvCopyDataToQueue
                0x0000000040083e2c       0x9e /home/moqi/work/demo/ESP32-Project/lesson1_empty_project/build/freertos/libfreertos.a(queue.o)
 *fill*         0x0000000040083eca        0x2 
 .text.prvNotifyQueueSetContainer
                0x0000000040083ecc       0x77 /home/moqi/work/demo/ESP32-Project/lesson1_empty_project/build/freertos/libfreertos.a(queue.o)
                                         0x8a (size before relaxing)
 *fill*         0x0000000040083f43        0x1 
 .text.prvCopyDataFromQueue
                0x0000000040083f44       0x24 /home/moqi/work/demo/ESP32-Project/lesson1_empty_project/build/freertos/libfreertos.a(queue.o)
 .text.xQueueGenericReset
                0x0000000040083f68       0x86 /home/moqi/work/demo/ESP32-Project/lesson1_empty_project/build/freertos/libfreertos.a(queue.o)
                                         0x96 (size before relaxing)
                0x0000000040083f68                xQueueGenericReset
 *fill*         0x0000000040083fee        0x2 
 .text.prvInitialiseNewQueue
                0x0000000040083ff0       0x1f /home/moqi/work/demo/ESP32-Project/lesson1_empty_project/build/freertos/libfreertos.a(queue.o)
                                         0x23 (size before relaxing)
 *fill*         0x000000004008400f        0x1 
 .text.xQueueGenericCreate
                0x0000000040084010       0x49 /home/moqi/work/demo/ESP32-Project/lesson1_empty_project/build/freertos/libfreertos.a(queue.o)
                                         0x4d (size before relaxing)
                0x0000000040084010                xQueueGenericCreate
 *fill*         0x0000000040084059        0x3 
 .text.xQueueGetMutexHolder
                0x000000004008405c       0x23 /home/moqi/work/demo/ESP32-Project/lesson1_empty_project/build/freertos/libfreertos.a(queue.o)
                0x000000004008405c                xQueueGetMutexHolder
 *fill*         0x000000004008407f        0x1 
 .text.xQueueCreateCountingSemaphore
                0x0000000040084080       0x66 /home/moqi/work/demo/ESP32-Project/lesson1_empty_project/build/freertos/libfreertos.a(queue.o)
                                         0x6a (size before relaxing)
                0x0000000040084080                xQueueCreateCountingSemaphore
 *fill*         0x00000000400840e6        0x2 
 .text.xQueueGenericSend
                0x00000000400840e8      0x158 /home/moqi/work/demo/ESP32-Project/lesson1_empty_project/build/freertos/libfreertos.a(queue.o)
                                        0x18c (size before relaxing)
                0x00000000400840e8                xQueueGenericSend
 .text.prvInitialiseMutex
                0x0000000040084240       0x22 /home/moqi/work/demo/ESP32-Project/lesson1_empty_project/build/freertos/libfreertos.a(queue.o)
                                         0x26 (size before relaxing)
 *fill*         0x0000000040084262        0x2 
 .text.xQueueCreateMutex
                0x0000000040084264       0x16 /home/moqi/work/demo/ESP32-Project/lesson1_empty_project/build/freertos/libfreertos.a(queue.o)
                                         0x1a (size before relaxing)
                0x0000000040084264                xQueueCreateMutex
 *fill*         0x000000004008427a        0x2 
 .text.xQueueGiveMutexRecursive
                0x000000004008427c       0x48 /home/moqi/work/demo/ESP32-Project/lesson1_empty_project/build/freertos/libfreertos.a(queue.o)
                                         0x4c (size before relaxing)
                0x000000004008427c                xQueueGiveMutexRecursive
 .text.xQueueGenericSendFromISR
                0x00000000400842c4       0xd6 /home/moqi/work/demo/ESP32-Project/lesson1_empty_project/build/freertos/libfreertos.a(queue.o)
                                         0xe6 (size before relaxing)
                0x00000000400842c4                xQueueGenericSendFromISR
 *fill*         0x000000004008439a        0x2 
 .text.xQueueGiveFromISR
                0x000000004008439c       0xb6 /home/moqi/work/demo/ESP32-Project/lesson1_empty_project/build/freertos/libfreertos.a(queue.o)
                                         0xc2 (size before relaxing)
                0x000000004008439c                xQueueGiveFromISR
 *fill*         0x0000000040084452        0x2 
 .text.xQueueGenericReceive
                0x0000000040084454      0x144 /home/moqi/work/demo/ESP32-Project/lesson1_empty_project/build/freertos/libfreertos.a(queue.o)
                                        0x178 (size before relaxing)
                0x0000000040084454                xQueueGenericReceive
 .text.xQueueTakeMutexRecursive
                0x0000000040084598       0x51 /home/moqi/work/demo/ESP32-Project/lesson1_empty_project/build/freertos/libfreertos.a(queue.o)
                0x0000000040084598                xQueueTakeMutexRecursive
 *fill*         0x00000000400845e9        0x3 
 .text.xQueueReceiveFromISR
                0x00000000400845ec       0x96 /home/moqi/work/demo/ESP32-Project/lesson1_empty_project/build/freertos/libfreertos.a(queue.o)
                                         0xa6 (size before relaxing)
                0x00000000400845ec                xQueueReceiveFromISR
 *fill*         0x0000000040084682        0x2 
 .text.vQueueDelete
                0x0000000040084684       0x28 /home/moqi/work/demo/ESP32-Project/lesson1_empty_project/build/freertos/libfreertos.a(queue.o)
                0x0000000040084684                vQueueDelete
 .text.vQueueWaitForMessageRestricted
                0x00000000400846ac       0x23 /home/moqi/work/demo/ESP32-Project/lesson1_empty_project/build/freertos/libfreertos.a(queue.o)
                                         0x2a (size before relaxing)
                0x00000000400846ac                vQueueWaitForMessageRestricted
 *fill*         0x00000000400846cf        0x1 
 .text.pxPortInitialiseStack
                0x00000000400846d0       0x86 /home/moqi/work/demo/ESP32-Project/lesson1_empty_project/build/freertos/libfreertos.a(port.o)
                0x00000000400846d0                pxPortInitialiseStack
 *fill*         0x0000000040084756        0x2 
 .text.xPortStartScheduler
                0x0000000040084758       0x22 /home/moqi/work/demo/ESP32-Project/lesson1_empty_project/build/freertos/libfreertos.a(port.o)
                                         0x2e (size before relaxing)
                0x0000000040084758                xPortStartScheduler
 *fill*         0x000000004008477a        0x2 
 .text.xPortSysTickHandler
                0x000000004008477c       0x10 /home/moqi/work/demo/ESP32-Project/lesson1_empty_project/build/freertos/libfreertos.a(port.o)
                                         0x16 (size before relaxing)
                0x000000004008477c                xPortSysTickHandler
 *fill*         0x000000004008478c        0x0 
 .text.vPortYieldOtherCore
                0x000000004008478c        0xa /home/moqi/work/demo/ESP32-Project/lesson1_empty_project/build/freertos/libfreertos.a(port.o)
                                          0xe (size before relaxing)
                0x000000004008478c                vPortYieldOtherCore
 *fill*         0x0000000040084796        0x2 
 .text.vPortReleaseTaskMPUSettings
                0x0000000040084798        0xa /home/moqi/work/demo/ESP32-Project/lesson1_empty_project/build/freertos/libfreertos.a(port.o)
                                          0xe (size before relaxing)
                0x0000000040084798                vPortReleaseTaskMPUSettings
 *fill*         0x00000000400847a2        0x2 
 .text.xPortInIsrContext
                0x00000000400847a4       0x26 /home/moqi/work/demo/ESP32-Project/lesson1_empty_project/build/freertos/libfreertos.a(port.o)
                0x00000000400847a4                xPortInIsrContext
 *fill*         0x00000000400847ca        0x2 
 .text.vPortCPUInitializeMutex
                0x00000000400847cc        0xe /home/moqi/work/demo/ESP32-Project/lesson1_empty_project/build/freertos/libfreertos.a(port.o)
                0x00000000400847cc                vPortCPUInitializeMutex
 *fill*         0x00000000400847da        0x2 
 .text.vPortCPUAcquireMutex
                0x00000000400847dc       0x81 /home/moqi/work/demo/ESP32-Project/lesson1_empty_project/build/freertos/libfreertos.a(port.o)
                                         0x88 (size before relaxing)
                0x00000000400847dc                vPortCPUAcquireMutex
 *fill*         0x000000004008485d        0x3 
 .text.vPortCPUReleaseMutex
                0x0000000040084860       0x4d /home/moqi/work/demo/ESP32-Project/lesson1_empty_project/build/freertos/libfreertos.a(port.o)
                                         0x50 (size before relaxing)
                0x0000000040084860                vPortCPUReleaseMutex
 *fill*         0x00000000400848ad        0x3 
 .text.prvResetNextTaskUnblockTime
                0x00000000400848b0       0x34 /home/moqi/work/demo/ESP32-Project/lesson1_empty_project/build/freertos/libfreertos.a(tasks.o)
 .text.prvDeleteTLS
                0x00000000400848e4       0x40 /home/moqi/work/demo/ESP32-Project/lesson1_empty_project/build/freertos/libfreertos.a(tasks.o)
 .text.prvInitialiseNewTask
                0x0000000040084924       0xc4 /home/moqi/work/demo/ESP32-Project/lesson1_empty_project/build/freertos/libfreertos.a(tasks.o)
                                         0xd0 (size before relaxing)
 .text.prvInitialiseTaskLists
                0x00000000400849e8       0x5a /home/moqi/work/demo/ESP32-Project/lesson1_empty_project/build/freertos/libfreertos.a(tasks.o)
                                         0x6e (size before relaxing)
 *fill*         0x0000000040084a42        0x2 
 .text.prvDeleteTCB
                0x0000000040084a44       0x56 /home/moqi/work/demo/ESP32-Project/lesson1_empty_project/build/freertos/libfreertos.a(tasks.o)
                                         0x5d (size before relaxing)
 *fill*         0x0000000040084a9a        0x2 
 .text.prvAddCurrentTaskToDelayedList
                0x0000000040084a9c       0x66 /home/moqi/work/demo/ESP32-Project/lesson1_empty_project/build/freertos/libfreertos.a(tasks.o)
                                         0x6a (size before relaxing)
 *fill*         0x0000000040084b02        0x2 
 .text.taskYIELD_OTHER_CORE
                0x0000000040084b04       0x53 /home/moqi/work/demo/ESP32-Project/lesson1_empty_project/build/freertos/libfreertos.a(tasks.o)
                0x0000000040084b04                taskYIELD_OTHER_CORE
 *fill*         0x0000000040084b57        0x1 
 .text.vTaskSuspendAll
                0x0000000040084b58       0x26 /home/moqi/work/demo/ESP32-Project/lesson1_empty_project/build/freertos/libfreertos.a(tasks.o)
                0x0000000040084b58                vTaskSuspendAll
 *fill*         0x0000000040084b7e        0x2 
 .text.xTaskGetIdleTaskHandleForCPU
                0x0000000040084b80       0x2a /home/moqi/work/demo/ESP32-Project/lesson1_empty_project/build/freertos/libfreertos.a(tasks.o)
                                         0x2e (size before relaxing)
                0x0000000040084b80                xTaskGetIdleTaskHandleForCPU
 *fill*         0x0000000040084baa        0x2 
 .text.vTaskSwitchContext
                0x0000000040084bac      0x27e /home/moqi/work/demo/ESP32-Project/lesson1_empty_project/build/freertos/libfreertos.a(tasks.o)
                                        0x28a (size before relaxing)
                0x0000000040084bac                vTaskSwitchContext
 *fill*         0x0000000040084e2a        0x2 
 .text.vTaskSetTimeOutState
                0x0000000040084e2c       0x34 /home/moqi/work/demo/ESP32-Project/lesson1_empty_project/build/freertos/libfreertos.a(tasks.o)
                0x0000000040084e2c                vTaskSetTimeOutState
 .text.xTaskGetCurrentTaskHandle
                0x0000000040084e60       0x1f /home/moqi/work/demo/ESP32-Project/lesson1_empty_project/build/freertos/libfreertos.a(tasks.o)
                0x0000000040084e60                xTaskGetCurrentTaskHandle
 *fill*         0x0000000040084e7f        0x1 
 .text.__getreent
                0x0000000040084e80       0x19 /home/moqi/work/demo/ESP32-Project/lesson1_empty_project/build/freertos/libfreertos.a(tasks.o)
                0x0000000040084e80                __getreent
 *fill*         0x0000000040084e99        0x3 
 .text.pcTaskGetTaskName
                0x0000000040084e9c       0x2a /home/moqi/work/demo/ESP32-Project/lesson1_empty_project/build/freertos/libfreertos.a(tasks.o)
                                         0x2d (size before relaxing)
                0x0000000040084e9c                pcTaskGetTaskName
 *fill*         0x0000000040084ec6        0x2 
 .text.xTaskGetAffinity
                0x0000000040084ec8       0x10 /home/moqi/work/demo/ESP32-Project/lesson1_empty_project/build/freertos/libfreertos.a(tasks.o)
                                         0x13 (size before relaxing)
                0x0000000040084ec8                xTaskGetAffinity
 *fill*         0x0000000040084ed8        0x0 
 .text.xTaskGetCurrentTaskHandleForCPU
                0x0000000040084ed8       0x18 /home/moqi/work/demo/ESP32-Project/lesson1_empty_project/build/freertos/libfreertos.a(tasks.o)
                0x0000000040084ed8                xTaskGetCurrentTaskHandleForCPU
 .text.xTaskGetSchedulerState
                0x0000000040084ef0       0x37 /home/moqi/work/demo/ESP32-Project/lesson1_empty_project/build/freertos/libfreertos.a(tasks.o)
                0x0000000040084ef0                xTaskGetSchedulerState
 *fill*         0x0000000040084f27        0x1 
 .text.vTaskEnterCritical
                0x0000000040084f28       0xac /home/moqi/work/demo/ESP32-Project/lesson1_empty_project/build/freertos/libfreertos.a(tasks.o)
                                         0xb3 (size before relaxing)
                0x0000000040084f28                vTaskEnterCritical
 *fill*         0x0000000040084fd4        0x0 
 .text.vTaskExitCritical
                0x0000000040084fd4       0x77 /home/moqi/work/demo/ESP32-Project/lesson1_empty_project/build/freertos/libfreertos.a(tasks.o)
                0x0000000040084fd4                vTaskExitCritical
 *fill*         0x000000004008504b        0x1 
 .text.prvAddNewTaskToReadyList
                0x000000004008504c      0x160 /home/moqi/work/demo/ESP32-Project/lesson1_empty_project/build/freertos/libfreertos.a(tasks.o)
                                        0x173 (size before relaxing)
 *fill*         0x00000000400851ac        0x0 
 .text.xTaskCreatePinnedToCore
                0x00000000400851ac       0x6e /home/moqi/work/demo/ESP32-Project/lesson1_empty_project/build/freertos/libfreertos.a(tasks.o)
                                         0x76 (size before relaxing)
                0x00000000400851ac                xTaskCreatePinnedToCore
 *fill*         0x000000004008521a        0x2 
 .text.vTaskStartScheduler
                0x000000004008521c       0x77 /home/moqi/work/demo/ESP32-Project/lesson1_empty_project/build/freertos/libfreertos.a(tasks.o)
                                         0x82 (size before relaxing)
                0x000000004008521c                vTaskStartScheduler
 *fill*         0x0000000040085293        0x1 
 .text.vTaskDelete
                0x0000000040085294      0x10a /home/moqi/work/demo/ESP32-Project/lesson1_empty_project/build/freertos/libfreertos.a(tasks.o)
                                        0x122 (size before relaxing)
                0x0000000040085294                vTaskDelete
 *fill*         0x000000004008539e        0x2 
 .text.vTaskDelay
                0x00000000400853a0       0x70 /home/moqi/work/demo/ESP32-Project/lesson1_empty_project/build/freertos/libfreertos.a(tasks.o)
                                         0x80 (size before relaxing)
                0x00000000400853a0                vTaskDelay
 .text.uxTaskPriorityGet
                0x0000000040085410       0x1c /home/moqi/work/demo/ESP32-Project/lesson1_empty_project/build/freertos/libfreertos.a(tasks.o)
                                         0x23 (size before relaxing)
                0x0000000040085410                uxTaskPriorityGet
 *fill*         0x000000004008542c        0x0 
 .text.vTaskPrioritySet
                0x000000004008542c      0x12d /home/moqi/work/demo/ESP32-Project/lesson1_empty_project/build/freertos/libfreertos.a(tasks.o)
                                        0x143 (size before relaxing)
                0x000000004008542c                vTaskPrioritySet
 *fill*         0x0000000040085559        0x3 
 .text.prvCheckTasksWaitingTermination
                0x000000004008555c       0xbe /home/moqi/work/demo/ESP32-Project/lesson1_empty_project/build/freertos/libfreertos.a(tasks.o)
                                         0xc6 (size before relaxing)
 *fill*         0x000000004008561a        0x2 
 .text.prvIdleTask
                0x000000004008561c        0xf /home/moqi/work/demo/ESP32-Project/lesson1_empty_project/build/freertos/libfreertos.a(tasks.o)
                                         0x18 (size before relaxing)
 *fill*         0x000000004008562b        0x1 
 .text.xTaskGetTickCount
                0x000000004008562c       0x1c /home/moqi/work/demo/ESP32-Project/lesson1_empty_project/build/freertos/libfreertos.a(tasks.o)
                                         0x20 (size before relaxing)
                0x000000004008562c                xTaskGetTickCount
 .text.xTaskIncrementTick
                0x0000000040085648      0x1b2 /home/moqi/work/demo/ESP32-Project/lesson1_empty_project/build/freertos/libfreertos.a(tasks.o)
                                        0x1ce (size before relaxing)
                0x0000000040085648                xTaskIncrementTick
 *fill*         0x00000000400857fa        0x2 
 .text.xTaskResumeAll
                0x00000000400857fc      0x177 /home/moqi/work/demo/ESP32-Project/lesson1_empty_project/build/freertos/libfreertos.a(tasks.o)
                                        0x186 (size before relaxing)
                0x00000000400857fc                xTaskResumeAll
 *fill*         0x0000000040085973        0x1 
 .text.vTaskPlaceOnEventList
                0x0000000040085974       0x83 /home/moqi/work/demo/ESP32-Project/lesson1_empty_project/build/freertos/libfreertos.a(tasks.o)
                                         0x97 (size before relaxing)
                0x0000000040085974                vTaskPlaceOnEventList
 *fill*         0x00000000400859f7        0x1 
 .text.vTaskPlaceOnEventListRestricted
                0x00000000400859f8       0x5b /home/moqi/work/demo/ESP32-Project/lesson1_empty_project/build/freertos/libfreertos.a(tasks.o)
                                         0x6f (size before relaxing)
                0x00000000400859f8                vTaskPlaceOnEventListRestricted
 *fill*         0x0000000040085a53        0x1 
 .text.xTaskRemoveFromEventList
                0x0000000040085a54      0x134 /home/moqi/work/demo/ESP32-Project/lesson1_empty_project/build/freertos/libfreertos.a(tasks.o)
                                        0x143 (size before relaxing)
                0x0000000040085a54                xTaskRemoveFromEventList
 *fill*         0x0000000040085b88        0x0 
 .text.xTaskCheckForTimeOut
                0x0000000040085b88       0x89 /home/moqi/work/demo/ESP32-Project/lesson1_empty_project/build/freertos/libfreertos.a(tasks.o)
                                         0x94 (size before relaxing)
                0x0000000040085b88                xTaskCheckForTimeOut
 *fill*         0x0000000040085c11        0x3 
 .text.vTaskPriorityInherit
                0x0000000040085c14       0xc4 /home/moqi/work/demo/ESP32-Project/lesson1_empty_project/build/freertos/libfreertos.a(tasks.o)
                                         0xdb (size before relaxing)
                0x0000000040085c14                vTaskPriorityInherit
 *fill*         0x0000000040085cd8        0x0 
 .text.xTaskPriorityDisinherit
                0x0000000040085cd8       0x97 /home/moqi/work/demo/ESP32-Project/lesson1_empty_project/build/freertos/libfreertos.a(tasks.o)
                                         0xaa (size before relaxing)
                0x0000000040085cd8                xTaskPriorityDisinherit
 *fill*         0x0000000040085d6f        0x1 
 .text.pvTaskIncrementMutexHeldCount
                0x0000000040085d70       0x50 /home/moqi/work/demo/ESP32-Project/lesson1_empty_project/build/freertos/libfreertos.a(tasks.o)
                                         0x54 (size before relaxing)
                0x0000000040085d70                pvTaskIncrementMutexHeldCount
 .text.prvGetNextExpireTime
                0x0000000040085dc0       0x20 /home/moqi/work/demo/ESP32-Project/lesson1_empty_project/build/freertos/libfreertos.a(timers.o)
 .text.prvInsertTimerInActiveList
                0x0000000040085de0       0x50 /home/moqi/work/demo/ESP32-Project/lesson1_empty_project/build/freertos/libfreertos.a(timers.o)
                                         0x54 (size before relaxing)
 .text.prvCheckForValidListAndQueue
                0x0000000040085e30       0x66 /home/moqi/work/demo/ESP32-Project/lesson1_empty_project/build/freertos/libfreertos.a(timers.o)
                                         0x7e (size before relaxing)
 *fill*         0x0000000040085e96        0x2 
 .text.xTimerCreateTimerTask
                0x0000000040085e98       0x48 /home/moqi/work/demo/ESP32-Project/lesson1_empty_project/build/freertos/libfreertos.a(timers.o)
                                         0x4c (size before relaxing)
                0x0000000040085e98                xTimerCreateTimerTask
 .text.xTimerGenericCommand
                0x0000000040085ee0       0x55 /home/moqi/work/demo/ESP32-Project/lesson1_empty_project/build/freertos/libfreertos.a(timers.o)
                                         0x5d (size before relaxing)
                0x0000000040085ee0                xTimerGenericCommand
 *fill*         0x0000000040085f35        0x3 
 .text.prvSwitchTimerLists
                0x0000000040085f38       0x76 /home/moqi/work/demo/ESP32-Project/lesson1_empty_project/build/freertos/libfreertos.a(timers.o)
                                         0x82 (size before relaxing)
 *fill*         0x0000000040085fae        0x2 
 .text.prvSampleTimeNow
                0x0000000040085fb0       0x2b /home/moqi/work/demo/ESP32-Project/lesson1_empty_project/build/freertos/libfreertos.a(timers.o)
                                         0x2f (size before relaxing)
 *fill*         0x0000000040085fdb        0x1 
 .text.prvProcessExpiredTimer
                0x0000000040085fdc       0x53 /home/moqi/work/demo/ESP32-Project/lesson1_empty_project/build/freertos/libfreertos.a(timers.o)
                                         0x5f (size before relaxing)
 *fill*         0x000000004008602f        0x1 